{
  "version": "1.5.0",
  "plugins_used": [
    {
      "name": "ArtifactoryDetector"
    },
    {
      "name": "AWSKeyDetector"
    },
    {
      "name": "AzureStorageKeyDetector"
    },
    {
      "name": "Base64HighEntropyString",
      "limit": 4.5
    },
    {
      "name": "BasicAuthDetector"
    },
    {
      "name": "CloudantDetector"
    },
    {
      "name": "DiscordBotTokenDetector"
    },
    {
      "name": "GitHubTokenDetector"
    },
    {
      "name": "HexHighEntropyString",
      "limit": 3.0
    },
    {
      "name": "IbmCloudIamDetector"
    },
    {
      "name": "IbmCosHmacDetector"
    },
    {
      "name": "IPPublicDetector"
    },
    {
      "name": "JwtTokenDetector"
    },
    {
      "name": "KeywordDetector",
      "keyword_exclude": ""
    },
    {
      "name": "MailchimpDetector"
    },
    {
      "name": "NpmDetector"
    },
    {
      "name": "OpenAIDetector"
    },
    {
      "name": "PrivateKeyDetector"
    },
    {
      "name": "PypiTokenDetector"
    },
    {
      "name": "SendGridDetector"
    },
    {
      "name": "SlackDetector"
    },
    {
      "name": "SoftlayerDetector"
    },
    {
      "name": "SquareOAuthDetector"
    },
    {
      "name": "StripeDetector"
    },
    {
      "name": "TelegramBotTokenDetector"
    },
    {
      "name": "TwilioKeyDetector"
    }
  ],
  "filters_used": [
    {
      "path": "detect_secrets.filters.allowlist.is_line_allowlisted"
    },
    {
      "path": "detect_secrets.filters.common.is_ignored_due_to_verification_policies",
      "min_level": 2
    },
    {
      "path": "detect_secrets.filters.heuristic.is_indirect_reference"
    },
    {
      "path": "detect_secrets.filters.heuristic.is_likely_id_string"
    },
    {
      "path": "detect_secrets.filters.heuristic.is_lock_file"
    },
    {
      "path": "detect_secrets.filters.heuristic.is_not_alphanumeric_string"
    },
    {
      "path": "detect_secrets.filters.heuristic.is_potential_uuid"
    },
    {
      "path": "detect_secrets.filters.heuristic.is_prefixed_with_dollar_sign"
    },
    {
      "path": "detect_secrets.filters.heuristic.is_sequential_string"
    },
    {
      "path": "detect_secrets.filters.heuristic.is_swagger_file"
    },
    {
      "path": "detect_secrets.filters.heuristic.is_templated_secret"
    }
  ],
  "results": {
    ".claude/skills/install-script-ux-patterns/SKILL.md": [
      {
        "type": "Secret Keyword",
        "filename": ".claude/skills/install-script-ux-patterns/SKILL.md",
        "hashed_secret": "29c32f233d04598b3181c0e27ea0ec7a5c949297",
        "is_verified": false,
        "line_number": 189
      }
    ],
    ".env.ci": [
      {
        "type": "Basic Auth Credentials",
        "filename": ".env.ci",
        "hashed_secret": "9fb7fe1217aed442b04c0f5e43b5d5a7d3287097",
        "is_verified": false,
        "line_number": 5
      }
    ],
    ".env.example": [
      {
        "type": "Basic Auth Credentials",
        "filename": ".env.example",
        "hashed_secret": "ac731115820496505c8c1d14055da25480290f9d",
        "is_verified": false,
        "line_number": 5
      }
    ],
    ".github/actions/setup-postgres-test/action.yml": [
      {
        "type": "Basic Auth Credentials",
        "filename": ".github/actions/setup-postgres-test/action.yml",
        "hashed_secret": "9fb7fe1217aed442b04c0f5e43b5d5a7d3287097",
        "is_verified": false,
        "line_number": 32
      }
    ],
    ".github/workflows-backup/goose-migrate.yml": [
      {
        "type": "Secret Keyword",
        "filename": ".github/workflows-backup/goose-migrate.yml",
        "hashed_secret": "c94d65f02a652d11c2e5c2e1ccf38dce5a076e1e",
        "is_verified": false,
        "line_number": 34
      },
      {
        "type": "Basic Auth Credentials",
        "filename": ".github/workflows-backup/goose-migrate.yml",
        "hashed_secret": "c94d65f02a652d11c2e5c2e1ccf38dce5a076e1e",
        "is_verified": false,
        "line_number": 83
      },
      {
        "type": "Secret Keyword",
        "filename": ".github/workflows-backup/goose-migrate.yml",
        "hashed_secret": "e9a414fc5d7c966a61fa8a646ba3c5edcdebb97c",
        "is_verified": false,
        "line_number": 84
      }
    ],
    ".github/workflows-backup/test-optimized.yml": [
      {
        "type": "Basic Auth Credentials",
        "filename": ".github/workflows-backup/test-optimized.yml",
        "hashed_secret": "9fb7fe1217aed442b04c0f5e43b5d5a7d3287097",
        "is_verified": false,
        "line_number": 29
      },
      {
        "type": "Secret Keyword",
        "filename": ".github/workflows-backup/test-optimized.yml",
        "hashed_secret": "8c60f511ebc0ec0aee089a3c54b07b4a902027bd",
        "is_verified": false,
        "line_number": 31
      },
      {
        "type": "Secret Keyword",
        "filename": ".github/workflows-backup/test-optimized.yml",
        "hashed_secret": "9fb7fe1217aed442b04c0f5e43b5d5a7d3287097",
        "is_verified": false,
        "line_number": 73
      }
    ],
    ".github/workflows-backup/test.yml": [
      {
        "type": "Basic Auth Credentials",
        "filename": ".github/workflows-backup/test.yml",
        "hashed_secret": "9fb7fe1217aed442b04c0f5e43b5d5a7d3287097",
        "is_verified": false,
        "line_number": 29
      },
      {
        "type": "Secret Keyword",
        "filename": ".github/workflows-backup/test.yml",
        "hashed_secret": "8c60f511ebc0ec0aee089a3c54b07b4a902027bd",
        "is_verified": false,
        "line_number": 31
      },
      {
        "type": "Secret Keyword",
        "filename": ".github/workflows-backup/test.yml",
        "hashed_secret": "9fb7fe1217aed442b04c0f5e43b5d5a7d3287097",
        "is_verified": false,
        "line_number": 154
      }
    ],
    ".github/workflows-backup/video-import.yml": [
      {
        "type": "Secret Keyword",
        "filename": ".github/workflows-backup/video-import.yml",
        "hashed_secret": "9fb7fe1217aed442b04c0f5e43b5d5a7d3287097",
        "is_verified": false,
        "line_number": 116
      },
      {
        "type": "Basic Auth Credentials",
        "filename": ".github/workflows-backup/video-import.yml",
        "hashed_secret": "9fb7fe1217aed442b04c0f5e43b5d5a7d3287097",
        "is_verified": false,
        "line_number": 202
      }
    ],
    ".github/workflows-backup/virus-scanner-tests.yml": [
      {
        "type": "Secret Keyword",
        "filename": ".github/workflows-backup/virus-scanner-tests.yml",
        "hashed_secret": "9fb7fe1217aed442b04c0f5e43b5d5a7d3287097",
        "is_verified": false,
        "line_number": 119
      },
      {
        "type": "Basic Auth Credentials",
        "filename": ".github/workflows-backup/virus-scanner-tests.yml",
        "hashed_secret": "9fb7fe1217aed442b04c0f5e43b5d5a7d3287097",
        "is_verified": false,
        "line_number": 210
      }
    ],
    ".github/workflows/goose-migrate.yml": [
      {
        "type": "Secret Keyword",
        "filename": ".github/workflows/goose-migrate.yml",
        "hashed_secret": "c94d65f02a652d11c2e5c2e1ccf38dce5a076e1e",
        "is_verified": false,
        "line_number": 43
      },
      {
        "type": "Basic Auth Credentials",
        "filename": ".github/workflows/goose-migrate.yml",
        "hashed_secret": "c94d65f02a652d11c2e5c2e1ccf38dce5a076e1e",
        "is_verified": false,
        "line_number": 82
      },
      {
        "type": "Secret Keyword",
        "filename": ".github/workflows/goose-migrate.yml",
        "hashed_secret": "74021c4a42ace5f5dd68a0ced7fc03dc2aefa70c",
        "is_verified": false,
        "line_number": 83
      }
    ],
    ".github/workflows/registration-api-tests.yml": [
      {
        "type": "Secret Keyword",
        "filename": ".github/workflows/registration-api-tests.yml",
        "hashed_secret": "3f7c72b48889bfdf9e1f4ea738d16dd6a9c00ac4",
        "is_verified": false,
        "line_number": 37
      },
      {
        "type": "Basic Auth Credentials",
        "filename": ".github/workflows/registration-api-tests.yml",
        "hashed_secret": "3f7c72b48889bfdf9e1f4ea738d16dd6a9c00ac4",
        "is_verified": false,
        "line_number": 58
      },
      {
        "type": "Secret Keyword",
        "filename": ".github/workflows/registration-api-tests.yml",
        "hashed_secret": "34b7879c33ca6fcaaa8279d1c0ae2abf0de74244",
        "is_verified": false,
        "line_number": 60
      }
    ],
    ".github/workflows/test.yml": [
      {
        "type": "Basic Auth Credentials",
        "filename": ".github/workflows/test.yml",
        "hashed_secret": "9fb7fe1217aed442b04c0f5e43b5d5a7d3287097",
        "is_verified": false,
        "line_number": 157
      },
      {
        "type": "Secret Keyword",
        "filename": ".github/workflows/test.yml",
        "hashed_secret": "c9244e61aff4c392acab233287affea119e1d54b",
        "is_verified": false,
        "line_number": 161
      }
    ],
    ".github/workflows/video-import.yml": [
      {
        "type": "Secret Keyword",
        "filename": ".github/workflows/video-import.yml",
        "hashed_secret": "9fb7fe1217aed442b04c0f5e43b5d5a7d3287097",
        "is_verified": false,
        "line_number": 88
      },
      {
        "type": "Basic Auth Credentials",
        "filename": ".github/workflows/video-import.yml",
        "hashed_secret": "9fb7fe1217aed442b04c0f5e43b5d5a7d3287097",
        "is_verified": false,
        "line_number": 140
      }
    ],
    ".github/workflows/virus-scanner-tests.yml": [
      {
        "type": "Basic Auth Credentials",
        "filename": ".github/workflows/virus-scanner-tests.yml",
        "hashed_secret": "9fb7fe1217aed442b04c0f5e43b5d5a7d3287097",
        "is_verified": false,
        "line_number": 119
      }
    ],
    ".secrets.example": [
      {
        "type": "Basic Auth Credentials",
        "filename": ".secrets.example",
        "hashed_secret": "9fb7fe1217aed442b04c0f5e43b5d5a7d3287097",
        "is_verified": false,
        "line_number": 4
      }
    ],
    "CONTRIBUTING.md": [
      {
        "type": "Basic Auth Credentials",
        "filename": "CONTRIBUTING.md",
        "hashed_secret": "9fb7fe1217aed442b04c0f5e43b5d5a7d3287097",
        "is_verified": false,
        "line_number": 80
      }
    ],
    "Makefile": [
      {
        "type": "Basic Auth Credentials",
        "filename": "Makefile",
        "hashed_secret": "9fb7fe1217aed442b04c0f5e43b5d5a7d3287097",
        "is_verified": false,
        "line_number": 197
      },
      {
        "type": "Secret Keyword",
        "filename": "Makefile",
        "hashed_secret": "c9244e61aff4c392acab233287affea119e1d54b",
        "is_verified": false,
        "line_number": 200
      },
      {
        "type": "Basic Auth Credentials",
        "filename": "Makefile",
        "hashed_secret": "9d4e1e23bd5b727046a9e3b4b7db57bd8d6ee684",
        "is_verified": false,
        "line_number": 338
      }
    ],
    "api/openapi.yaml": [
      {
        "type": "Secret Keyword",
        "filename": "api/openapi.yaml",
        "hashed_secret": "44cdfc3615970ada14420caaaa5c5745fca06002",
        "is_verified": false,
        "line_number": 57
      },
      {
        "type": "Base64 High Entropy String",
        "filename": "api/openapi.yaml",
        "hashed_secret": "916934ebd408306edc4f1e93798a9ff74f049136",
        "is_verified": false,
        "line_number": 2109
      },
      {
        "type": "Base64 High Entropy String",
        "filename": "api/openapi.yaml",
        "hashed_secret": "097552934febb4f967118e8b3a62ed498658484b",
        "is_verified": false,
        "line_number": 2110
      }
    ],
    "api/openapi_2fa.yaml": [
      {
        "type": "Secret Keyword",
        "filename": "api/openapi_2fa.yaml",
        "hashed_secret": "b57fa0798cf182195d00866158f0f022ad324741",
        "is_verified": false,
        "line_number": 36
      },
      {
        "type": "Secret Keyword",
        "filename": "api/openapi_2fa.yaml",
        "hashed_secret": "6d0be9425a74e3e94ee3313124d9d1052183d606",
        "is_verified": false,
        "line_number": 37
      },
      {
        "type": "Secret Keyword",
        "filename": "api/openapi_2fa.yaml",
        "hashed_secret": "e82822d8d163de9b566a2cb899e6bfe8869181dc",
        "is_verified": false,
        "line_number": 169
      }
    ],
    "api/openapi_analytics.yaml": [
      {
        "type": "Base64 High Entropy String",
        "filename": "api/openapi_analytics.yaml",
        "hashed_secret": "00c0057839d5ad3215d03cb05c40ced4fa880d47",
        "is_verified": false,
        "line_number": 505
      },
      {
        "type": "Hex High Entropy String",
        "filename": "api/openapi_analytics.yaml",
        "hashed_secret": "90bd1b48e958257948487b90bee080ba5ed00caa",
        "is_verified": false,
        "line_number": 983
      }
    ],
    "api/openapi_auth_2fa.yaml": [
      {
        "type": "Secret Keyword",
        "filename": "api/openapi_auth_2fa.yaml",
        "hashed_secret": "b57fa0798cf182195d00866158f0f022ad324741",
        "is_verified": false,
        "line_number": 132
      },
      {
        "type": "Secret Keyword",
        "filename": "api/openapi_auth_2fa.yaml",
        "hashed_secret": "6d0be9425a74e3e94ee3313124d9d1052183d606",
        "is_verified": false,
        "line_number": 133
      },
      {
        "type": "Secret Keyword",
        "filename": "api/openapi_auth_2fa.yaml",
        "hashed_secret": "de2467b5425c6fb3ef586e4d927c07b74e889ae6",
        "is_verified": false,
        "line_number": 278
      }
    ],
    "api/openapi_captions.yaml": [
      {
        "type": "Base64 High Entropy String",
        "filename": "api/openapi_captions.yaml",
        "hashed_secret": "3aafa668d6a7e824691778a66f5c2f42675b349a",
        "is_verified": false,
        "line_number": 47
      }
    ],
    "api/openapi_livestreaming.yaml": [
      {
        "type": "Base64 High Entropy String",
        "filename": "api/openapi_livestreaming.yaml",
        "hashed_secret": "419300ca49e995641fa5cf25037c46cca747f151",
        "is_verified": false,
        "line_number": 87
      }
    ],
    "api/openapi_uploads.yaml": [
      {
        "type": "Hex High Entropy String",
        "filename": "api/openapi_uploads.yaml",
        "hashed_secret": "0f869632dedf073cb0587e8dfa43ec94c872abfc",
        "is_verified": false,
        "line_number": 139
      },
      {
        "type": "Hex High Entropy String",
        "filename": "api/openapi_uploads.yaml",
        "hashed_secret": "67a74306b06d0c01624fe0d0249a570f4d093747",
        "is_verified": false,
        "line_number": 251
      }
    ],
    "cmd/encrypt-activitypub-keys/README.md": [
      {
        "type": "Basic Auth Credentials",
        "filename": "cmd/encrypt-activitypub-keys/README.md",
        "hashed_secret": "9d4e1e23bd5b727046a9e3b4b7db57bd8d6ee684",
        "is_verified": false,
        "line_number": 53
      },
      {
        "type": "Basic Auth Credentials",
        "filename": "cmd/encrypt-activitypub-keys/README.md",
        "hashed_secret": "5baa61e4c9b93f3f0682250b6cf8331b7ee68fd8",
        "is_verified": false,
        "line_number": 71
      },
      {
        "type": "Private Key",
        "filename": "cmd/encrypt-activitypub-keys/README.md",
        "hashed_secret": "be4fc4886bd949b369d5e092eb87494f12e57e5b",
        "is_verified": false,
        "line_number": 124
      },
      {
        "type": "Private Key",
        "filename": "cmd/encrypt-activitypub-keys/README.md",
        "hashed_secret": "1348b145fa1a555461c1b790a2f66614781091e9",
        "is_verified": false,
        "line_number": 125
      }
    ],
    "docker-compose.override.yml.example": [
      {
        "type": "Basic Auth Credentials",
        "filename": "docker-compose.override.yml.example",
        "hashed_secret": "9d4e1e23bd5b727046a9e3b4b7db57bd8d6ee684",
        "is_verified": false,
        "line_number": 17
      }
    ],
    "docker-compose.yml": [
      {
        "type": "Secret Keyword",
        "filename": "docker-compose.yml",
        "hashed_secret": "ac731115820496505c8c1d14055da25480290f9d",
        "is_verified": false,
        "line_number": 11
      },
      {
        "type": "Basic Auth Credentials",
        "filename": "docker-compose.yml",
        "hashed_secret": "ac731115820496505c8c1d14055da25480290f9d",
        "is_verified": false,
        "line_number": 173
      },
      {
        "type": "Secret Keyword",
        "filename": "docker-compose.yml",
        "hashed_secret": "9fb7fe1217aed442b04c0f5e43b5d5a7d3287097",
        "is_verified": false,
        "line_number": 297
      },
      {
        "type": "Basic Auth Credentials",
        "filename": "docker-compose.yml",
        "hashed_secret": "9fb7fe1217aed442b04c0f5e43b5d5a7d3287097",
        "is_verified": false,
        "line_number": 406
      },
      {
        "type": "Secret Keyword",
        "filename": "docker-compose.yml",
        "hashed_secret": "c9244e61aff4c392acab233287affea119e1d54b",
        "is_verified": false,
        "line_number": 408
      },
      {
        "type": "Secret Keyword",
        "filename": "docker-compose.yml",
        "hashed_secret": "bc565f6e909ec7d3c18e2ff5d9eeb2300ff20b7f",
        "is_verified": false,
        "line_number": 529
      },
      {
        "type": "Secret Keyword",
        "filename": "docker-compose.yml",
        "hashed_secret": "8619e48dcd8a9c0127ca36b2712bab229033af7b",
        "is_verified": false,
        "line_number": 632
      }
    ],
    "docs/API_EXAMPLES.md": [
      {
        "type": "Secret Keyword",
        "filename": "docs/API_EXAMPLES.md",
        "hashed_secret": "b48cf0140bea12734db05ebcdb012f1d265bed84",
        "is_verified": false,
        "line_number": 22
      }
    ],
    "docs/E2E_TEST_USERNAME_FIX.md": [
      {
        "type": "Secret Keyword",
        "filename": "docs/E2E_TEST_USERNAME_FIX.md",
        "hashed_secret": "72559b51f94a7a3ad058c5740cbe2f7cb0d4080b",
        "is_verified": false,
        "line_number": 348
      }
    ],
    "docs/MIGRATION_TO_GOOSE.md": [
      {
        "type": "Basic Auth Credentials",
        "filename": "docs/MIGRATION_TO_GOOSE.md",
        "hashed_secret": "ac731115820496505c8c1d14055da25480290f9d",
        "is_verified": false,
        "line_number": 42
      }
    ],
    "docs/claude/contributing.md": [
      {
        "type": "Basic Auth Credentials",
        "filename": "docs/claude/contributing.md",
        "hashed_secret": "9fb7fe1217aed442b04c0f5e43b5d5a7d3287097",
        "is_verified": false,
        "line_number": 205
      }
    ],
    "docs/claude/runbooks.md": [
      {
        "type": "Basic Auth Credentials",
        "filename": "docs/claude/runbooks.md",
        "hashed_secret": "ac731115820496505c8c1d14055da25480290f9d",
        "is_verified": false,
        "line_number": 49
      },
      {
        "type": "Basic Auth Credentials",
        "filename": "docs/claude/runbooks.md",
        "hashed_secret": "9fb7fe1217aed442b04c0f5e43b5d5a7d3287097",
        "is_verified": false,
        "line_number": 55
      }
    ],
    "docs/database/ATLAS_IMPLEMENTATION.md": [
      {
        "type": "Basic Auth Credentials",
        "filename": "docs/database/ATLAS_IMPLEMENTATION.md",
        "hashed_secret": "ac731115820496505c8c1d14055da25480290f9d",
        "is_verified": false,
        "line_number": 173
      }
    ],
    "docs/database/MIGRATIONS.md": [
      {
        "type": "Basic Auth Credentials",
        "filename": "docs/database/MIGRATIONS.md",
        "hashed_secret": "9d4e1e23bd5b727046a9e3b4b7db57bd8d6ee684",
        "is_verified": false,
        "line_number": 83
      }
    ],
    "docs/deployment/BLUE_GREEN_DEPLOYMENT_COMPLETE.md": [
      {
        "type": "Basic Auth Credentials",
        "filename": "docs/deployment/BLUE_GREEN_DEPLOYMENT_COMPLETE.md",
        "hashed_secret": "9d4e1e23bd5b727046a9e3b4b7db57bd8d6ee684",
        "is_verified": false,
        "line_number": 328
      }
    ],
    "docs/deployment/BLUE_GREEN_IMPLEMENTATION_GUIDE.md": [
      {
        "type": "Basic Auth Credentials",
        "filename": "docs/deployment/BLUE_GREEN_IMPLEMENTATION_GUIDE.md",
        "hashed_secret": "9d4e1e23bd5b727046a9e3b4b7db57bd8d6ee684",
        "is_verified": false,
        "line_number": 123
      }
    ],
    "docs/deployment/BLUE_GREEN_QUICK_START.md": [
      {
        "type": "Basic Auth Credentials",
        "filename": "docs/deployment/BLUE_GREEN_QUICK_START.md",
        "hashed_secret": "9d4e1e23bd5b727046a9e3b4b7db57bd8d6ee684",
        "is_verified": false,
        "line_number": 33
      }
    ],
    "docs/deployment/KUBERNETES_DEPLOYMENT.md": [
      {
        "type": "Basic Auth Credentials",
        "filename": "docs/deployment/KUBERNETES_DEPLOYMENT.md",
        "hashed_secret": "9d4e1e23bd5b727046a9e3b4b7db57bd8d6ee684",
        "is_verified": false,
        "line_number": 63
      },
      {
        "type": "Secret Keyword",
        "filename": "docs/deployment/KUBERNETES_DEPLOYMENT.md",
        "hashed_secret": "a6778f1880744bd1a342a8e3789135412d8f9da2",
        "is_verified": false,
        "line_number": 183
      },
      {
        "type": "Basic Auth Credentials",
        "filename": "docs/deployment/KUBERNETES_DEPLOYMENT.md",
        "hashed_secret": "5baa61e4c9b93f3f0682250b6cf8331b7ee68fd8",
        "is_verified": false,
        "line_number": 211
      },
      {
        "type": "Secret Keyword",
        "filename": "docs/deployment/KUBERNETES_DEPLOYMENT.md",
        "hashed_secret": "d033e22ae348aeb5660fc2140aec35850c4da997",
        "is_verified": false,
        "line_number": 300
      }
    ],
    "docs/deployment/PRODUCTION.md": [
      {
        "type": "Basic Auth Credentials",
        "filename": "docs/deployment/PRODUCTION.md",
        "hashed_secret": "9d4e1e23bd5b727046a9e3b4b7db57bd8d6ee684",
        "is_verified": false,
        "line_number": 33
      },
      {
        "type": "Secret Keyword",
        "filename": "docs/deployment/PRODUCTION.md",
        "hashed_secret": "eaec42ede67acb45ff1b315b958d55b6871519ed",
        "is_verified": false,
        "line_number": 117
      },
      {
        "type": "Secret Keyword",
        "filename": "docs/deployment/PRODUCTION.md",
        "hashed_secret": "54cd233cf766b984a30cbd9dd47ce2c2d3cdb213",
        "is_verified": false,
        "line_number": 384
      }
    ],
    "docs/deployment/README.md": [
      {
        "type": "Basic Auth Credentials",
        "filename": "docs/deployment/README.md",
        "hashed_secret": "9d4e1e23bd5b727046a9e3b4b7db57bd8d6ee684",
        "is_verified": false,
        "line_number": 53
      },
      {
        "type": "Secret Keyword",
        "filename": "docs/deployment/README.md",
        "hashed_secret": "eaec42ede67acb45ff1b315b958d55b6871519ed",
        "is_verified": false,
        "line_number": 96
      }
    ],
    "docs/deployment/docker.md": [
      {
        "type": "Basic Auth Credentials",
        "filename": "docs/deployment/docker.md",
        "hashed_secret": "7205a0abf00d1daec13c63ece029057c974795a9",
        "is_verified": false,
        "line_number": 221
      },
      {
        "type": "Secret Keyword",
        "filename": "docs/deployment/docker.md",
        "hashed_secret": "7205a0abf00d1daec13c63ece029057c974795a9",
        "is_verified": false,
        "line_number": 257
      }
    ],
    "docs/deployment/security.md": [
      {
        "type": "Secret Keyword",
        "filename": "docs/deployment/security.md",
        "hashed_secret": "eaec42ede67acb45ff1b315b958d55b6871519ed",
        "is_verified": false,
        "line_number": 86
      },
      {
        "type": "Basic Auth Credentials",
        "filename": "docs/deployment/security.md",
        "hashed_secret": "9d4e1e23bd5b727046a9e3b4b7db57bd8d6ee684",
        "is_verified": false,
        "line_number": 111
      }
    ],
    "docs/federation/ATPROTO_SETUP.md": [
      {
        "type": "Secret Keyword",
        "filename": "docs/federation/ATPROTO_SETUP.md",
        "hashed_secret": "54cd233cf766b984a30cbd9dd47ce2c2d3cdb213",
        "is_verified": false,
        "line_number": 167
      }
    ],
    "docs/plans/2026-02-19-wizard-external-service-fields.md": [
      {
        "type": "Basic Auth Credentials",
        "filename": "docs/plans/2026-02-19-wizard-external-service-fields.md",
        "hashed_secret": "5baa61e4c9b93f3f0682250b6cf8331b7ee68fd8",
        "is_verified": false,
        "line_number": 170
      }
    ],
    "docs/plans/2026-02-21-codebase-full-audit.md": [
      {
        "type": "Secret Keyword",
        "filename": "docs/plans/2026-02-21-codebase-full-audit.md",
        "hashed_secret": "bc565f6e909ec7d3c18e2ff5d9eeb2300ff20b7f",
        "is_verified": false,
        "line_number": 446
      },
      {
        "type": "Secret Keyword",
        "filename": "docs/plans/2026-02-21-codebase-full-audit.md",
        "hashed_secret": "d24b62a24f5c0e1654ee3d32f18409bcaa5bdc7d",
        "is_verified": false,
        "line_number": 494
      }
    ],
    "docs/plans/2026-02-27-fix-redis-auth-command.md": [
      {
        "type": "Secret Keyword",
        "filename": "docs/plans/2026-02-27-fix-redis-auth-command.md",
        "hashed_secret": "d8bba58683e577cdd462e2cd1207808e1b01b3cb",
        "is_verified": false,
        "line_number": 16
      }
    ],
    "docs/project-management/PM_COMPREHENSIVE_ASSESSMENT.md": [
      {
        "type": "Secret Keyword",
        "filename": "docs/project-management/PM_COMPREHENSIVE_ASSESSMENT.md",
        "hashed_secret": "ac731115820496505c8c1d14055da25480290f9d",
        "is_verified": false,
        "line_number": 323
      },
      {
        "type": "Secret Keyword",
        "filename": "docs/project-management/PM_COMPREHENSIVE_ASSESSMENT.md",
        "hashed_secret": "ff0684f11b03aa88eba335d817e1fe237988de29",
        "is_verified": false,
        "line_number": 325
      }
    ],
    "docs/reports/e2e/E2E_API_EDGE_CASE_ANALYSIS.md": [
      {
        "type": "Secret Keyword",
        "filename": "docs/reports/e2e/E2E_API_EDGE_CASE_ANALYSIS.md",
        "hashed_secret": "cbfdac6008f9cab4083784cbd1874f76618d2a97",
        "is_verified": false,
        "line_number": 127
      },
      {
        "type": "Secret Keyword",
        "filename": "docs/reports/e2e/E2E_API_EDGE_CASE_ANALYSIS.md",
        "hashed_secret": "9d4e1e23bd5b727046a9e3b4b7db57bd8d6ee684",
        "is_verified": false,
        "line_number": 170
      },
      {
        "type": "Secret Keyword",
        "filename": "docs/reports/e2e/E2E_API_EDGE_CASE_ANALYSIS.md",
        "hashed_secret": "72559b51f94a7a3ad058c5740cbe2f7cb0d4080b",
        "is_verified": false,
        "line_number": 275
      },
      {
        "type": "Secret Keyword",
        "filename": "docs/reports/e2e/E2E_API_EDGE_CASE_ANALYSIS.md",
        "hashed_secret": "269731aaf8d36042b87b756fb3644442090e5393",
        "is_verified": false,
        "line_number": 307
      }
    ],
    "docs/reports/e2e/E2E_FINDINGS_SUMMARY.md": [
      {
        "type": "Secret Keyword",
        "filename": "docs/reports/e2e/E2E_FINDINGS_SUMMARY.md",
        "hashed_secret": "9d4e1e23bd5b727046a9e3b4b7db57bd8d6ee684",
        "is_verified": false,
        "line_number": 101
      }
    ],
    "docs/reports/e2e/E2E_FIX_IMPLEMENTATION.md": [
      {
        "type": "Basic Auth Credentials",
        "filename": "docs/reports/e2e/E2E_FIX_IMPLEMENTATION.md",
        "hashed_secret": "9fb7fe1217aed442b04c0f5e43b5d5a7d3287097",
        "is_verified": false,
        "line_number": 194
      }
    ],
    "docs/reports/e2e/E2E_INFRASTRUCTURE_ANALYSIS.md": [
      {
        "type": "Basic Auth Credentials",
        "filename": "docs/reports/e2e/E2E_INFRASTRUCTURE_ANALYSIS.md",
        "hashed_secret": "9fb7fe1217aed442b04c0f5e43b5d5a7d3287097",
        "is_verified": false,
        "line_number": 43
      }
    ],
    "docs/reports/e2e/E2E_TEST_INVESTIGATION_REPORT.md": [
      {
        "type": "Basic Auth Credentials",
        "filename": "docs/reports/e2e/E2E_TEST_INVESTIGATION_REPORT.md",
        "hashed_secret": "9fb7fe1217aed442b04c0f5e43b5d5a7d3287097",
        "is_verified": false,
        "line_number": 358
      }
    ],
    "docs/reports/e2e/POSTMAN_E2E_TEST_SCENARIOS.md": [
      {
        "type": "Secret Keyword",
        "filename": "docs/reports/e2e/POSTMAN_E2E_TEST_SCENARIOS.md",
        "hashed_secret": "72559b51f94a7a3ad058c5740cbe2f7cb0d4080b",
        "is_verified": false,
        "line_number": 21
      },
      {
        "type": "Secret Keyword",
        "filename": "docs/reports/e2e/POSTMAN_E2E_TEST_SCENARIOS.md",
        "hashed_secret": "98e540ffae8223c143f1453da4c8604ca943213e",
        "is_verified": false,
        "line_number": 345
      },
      {
        "type": "Secret Keyword",
        "filename": "docs/reports/e2e/POSTMAN_E2E_TEST_SCENARIOS.md",
        "hashed_secret": "ea8714902e75070dcbd3022f2e0f632f666fa349",
        "is_verified": false,
        "line_number": 369
      }
    ],
    "docs/security/ACTIVITYPUB_KEY_SECURITY_REPORT.md": [
      {
        "type": "Private Key",
        "filename": "docs/security/ACTIVITYPUB_KEY_SECURITY_REPORT.md",
        "hashed_secret": "be4fc4886bd949b369d5e092eb87494f12e57e5b",
        "is_verified": false,
        "line_number": 326
      }
    ],
    "docs/security/CREDENTIAL_ROTATION_GUIDE.md": [
      {
        "type": "Secret Keyword",
        "filename": "docs/security/CREDENTIAL_ROTATION_GUIDE.md",
        "hashed_secret": "d71e52b3a299ef370034aa9276b47757438966b1",
        "is_verified": false,
        "line_number": 47
      },
      {
        "type": "Basic Auth Credentials",
        "filename": "docs/security/CREDENTIAL_ROTATION_GUIDE.md",
        "hashed_secret": "fb17c437408f533b0eaba43d13cd0f908273f2dd",
        "is_verified": false,
        "line_number": 51
      }
    ],
    "docs/security/IPFS_SECURITY_IMPLEMENTATION.md": [
      {
        "type": "Secret Keyword",
        "filename": "docs/security/IPFS_SECURITY_IMPLEMENTATION.md",
        "hashed_secret": "71b7e65e904d1564a463596e9ecc4ee2ad2ef748",
        "is_verified": false,
        "line_number": 324
      },
      {
        "type": "Base64 High Entropy String",
        "filename": "docs/security/IPFS_SECURITY_IMPLEMENTATION.md",
        "hashed_secret": "8d8085911ee0586c97b0281097c62a29786113fb",
        "is_verified": false,
        "line_number": 346
      }
    ],
    "docs/security/SECURITY_ADVISORY.md": [
      {
        "type": "Secret Keyword",
        "filename": "docs/security/SECURITY_ADVISORY.md",
        "hashed_secret": "a51fcd7f01596e8e9678990a0b0ac2c1cbd2d66e",
        "is_verified": false,
        "line_number": 68
      },
      {
        "type": "Basic Auth Credentials",
        "filename": "docs/security/SECURITY_ADVISORY.md",
        "hashed_secret": "a51fcd7f01596e8e9678990a0b0ac2c1cbd2d66e",
        "is_verified": false,
        "line_number": 74
      },
      {
        "type": "Basic Auth Credentials",
        "filename": "docs/security/SECURITY_ADVISORY.md",
        "hashed_secret": "5baa61e4c9b93f3f0682250b6cf8331b7ee68fd8",
        "is_verified": false,
        "line_number": 199
      }
    ],
    "docs/security/SECURITY_E2EE.md": [
      {
        "type": "Basic Auth Credentials",
        "filename": "docs/security/SECURITY_E2EE.md",
        "hashed_secret": "9fb7fe1217aed442b04c0f5e43b5d5a7d3287097",
        "is_verified": false,
        "line_number": 158
      },
      {
        "type": "Secret Keyword",
        "filename": "docs/security/SECURITY_E2EE.md",
        "hashed_secret": "7288edd0fc3ffcbe93a0cf06e3568e28521687bc",
        "is_verified": false,
        "line_number": 174
      },
      {
        "type": "Secret Keyword",
        "filename": "docs/security/SECURITY_E2EE.md",
        "hashed_secret": "6610f3091a7ed258024f5c4c8daace8ae8022747",
        "is_verified": false,
        "line_number": 275
      }
    ],
    "docs/security/USER_REGISTRATION_409_ANALYSIS.md": [
      {
        "type": "Base64 High Entropy String",
        "filename": "docs/security/USER_REGISTRATION_409_ANALYSIS.md",
        "hashed_secret": "a8a0190a9a2c52fbeeddde857733fb927db2d279",
        "is_verified": false,
        "line_number": 63
      },
      {
        "type": "Base64 High Entropy String",
        "filename": "docs/security/USER_REGISTRATION_409_ANALYSIS.md",
        "hashed_secret": "32d54e41ba25645110c2046ce82c11d01b5c2518",
        "is_verified": false,
        "line_number": 298
      },
      {
        "type": "Secret Keyword",
        "filename": "docs/security/USER_REGISTRATION_409_ANALYSIS.md",
        "hashed_secret": "9d4e1e23bd5b727046a9e3b4b7db57bd8d6ee684",
        "is_verified": false,
        "line_number": 328
      }
    ],
    "docs/sprints/SPRINT10_COMPLETE.md": [
      {
        "type": "Basic Auth Credentials",
        "filename": "docs/sprints/SPRINT10_COMPLETE.md",
        "hashed_secret": "5baa61e4c9b93f3f0682250b6cf8331b7ee68fd8",
        "is_verified": false,
        "line_number": 460
      }
    ],
    "docs/sprints/SPRINT12_COMPLETE.md": [
      {
        "type": "Secret Keyword",
        "filename": "docs/sprints/SPRINT12_COMPLETE.md",
        "hashed_secret": "1e73184739e6e1c7c0e4226e88702526c1d5e5de",
        "is_verified": false,
        "line_number": 312
      },
      {
        "type": "Secret Keyword",
        "filename": "docs/sprints/SPRINT12_COMPLETE.md",
        "hashed_secret": "5ef3af6cd9b5aa907fa618fac829baaec6763b42",
        "is_verified": false,
        "line_number": 499
      },
      {
        "type": "Basic Auth Credentials",
        "filename": "docs/sprints/SPRINT12_COMPLETE.md",
        "hashed_secret": "5baa61e4c9b93f3f0682250b6cf8331b7ee68fd8",
        "is_verified": false,
        "line_number": 699
      }
    ],
    "docs/sprints/SPRINT1_PROGRESS.md": [
      {
        "type": "Basic Auth Credentials",
        "filename": "docs/sprints/SPRINT1_PROGRESS.md",
        "hashed_secret": "9d4e1e23bd5b727046a9e3b4b7db57bd8d6ee684",
        "is_verified": false,
        "line_number": 209
      }
    ],
    "docs/sprints/SPRINT1_TEST_SUMMARY.md": [
      {
        "type": "Basic Auth Credentials",
        "filename": "docs/sprints/SPRINT1_TEST_SUMMARY.md",
        "hashed_secret": "9fb7fe1217aed442b04c0f5e43b5d5a7d3287097",
        "is_verified": false,
        "line_number": 275
      }
    ],
    "docs/sprints/SPRINT1_VALIDATION.md": [
      {
        "type": "Basic Auth Credentials",
        "filename": "docs/sprints/SPRINT1_VALIDATION.md",
        "hashed_secret": "9d4e1e23bd5b727046a9e3b4b7db57bd8d6ee684",
        "is_verified": false,
        "line_number": 409
      }
    ],
    "docs/sprints/SPRINT2_EXECUTION_PLAN.md": [
      {
        "type": "Basic Auth Credentials",
        "filename": "docs/sprints/SPRINT2_EXECUTION_PLAN.md",
        "hashed_secret": "5baa61e4c9b93f3f0682250b6cf8331b7ee68fd8",
        "is_verified": false,
        "line_number": 1489
      },
      {
        "type": "Basic Auth Credentials",
        "filename": "docs/sprints/SPRINT2_EXECUTION_PLAN.md",
        "hashed_secret": "9d4e1e23bd5b727046a9e3b4b7db57bd8d6ee684",
        "is_verified": false,
        "line_number": 1639
      }
    ],
    "internal/app/app_test.go": [
      {
        "type": "Secret Keyword",
        "filename": "internal/app/app_test.go",
        "hashed_secret": "c9244e61aff4c392acab233287affea119e1d54b",
        "is_verified": false,
        "line_number": 334
      }
    ],
    "internal/backup/manager_test.go": [
      {
        "type": "Basic Auth Credentials",
        "filename": "internal/backup/manager_test.go",
        "hashed_secret": "9d4e1e23bd5b727046a9e3b4b7db57bd8d6ee684",
        "is_verified": false,
        "line_number": 94
      }
    ],
    "internal/config/config.go": [
      {
        "type": "Secret Keyword",
        "filename": "internal/config/config.go",
        "hashed_secret": "1635331db249690e468074b648d52784f0f47280",
        "is_verified": false,
        "line_number": 337
      }
    ],
    "internal/config/config_test.go": [
      {
        "type": "Basic Auth Credentials",
        "filename": "internal/config/config_test.go",
        "hashed_secret": "9d4e1e23bd5b727046a9e3b4b7db57bd8d6ee684",
        "is_verified": false,
        "line_number": 14
      },
      {
        "type": "Hex High Entropy String",
        "filename": "internal/config/config_test.go",
        "hashed_secret": "a6455c1e465b0a2c048985c6298fe1fa5a47cdd3",
        "is_verified": false,
        "line_number": 61
      }
    ],
    "internal/crypto/crypto_test.go": [
      {
        "type": "Secret Keyword",
        "filename": "internal/crypto/crypto_test.go",
        "hashed_secret": "a79425d5dfc9cb6e5ed85fa44bf4d63d73e6a5b8",
        "is_verified": false,
        "line_number": 107
      },
      {
        "type": "Secret Keyword",
        "filename": "internal/crypto/crypto_test.go",
        "hashed_secret": "ec5c7cbd3150116727f070492ae76ca326ac96e9",
        "is_verified": false,
        "line_number": 498
      }
    ],
    "internal/database/migrate_test.go": [
      {
        "type": "Basic Auth Credentials",
        "filename": "internal/database/migrate_test.go",
        "hashed_secret": "5baa61e4c9b93f3f0682250b6cf8331b7ee68fd8",
        "is_verified": false,
        "line_number": 18
      }
    ],
    "internal/domain/activitypub.go": [
      {
        "type": "Artifactory Credentials",
        "filename": "internal/domain/activitypub.go",
        "hashed_secret": "7f9ba6148cf8064cd3cd184fb97d07a3bf244ea7",
        "is_verified": false,
        "line_number": 175
      },
      {
        "type": "Artifactory Credentials",
        "filename": "internal/domain/activitypub.go",
        "hashed_secret": "29349f358c31bc611ee0e5dd91be16fab6f45da2",
        "is_verified": false,
        "line_number": 248
      }
    ],
    "internal/domain/torrent_test.go": [
      {
        "type": "Hex High Entropy String",
        "filename": "internal/domain/torrent_test.go",
        "hashed_secret": "e3881428d6c5f285fdd894d8e2892629651a78dd",
        "is_verified": false,
        "line_number": 28
      },
      {
        "type": "Hex High Entropy String",
        "filename": "internal/domain/torrent_test.go",
        "hashed_secret": "87c84edf202d29e6abda080c742dca59eb70ef7a",
        "is_verified": false,
        "line_number": 186
      },
      {
        "type": "Hex High Entropy String",
        "filename": "internal/domain/torrent_test.go",
        "hashed_secret": "e7c87373cf643050d9c7826f9510c64d0b08c20a",
        "is_verified": false,
        "line_number": 191
      },
      {
        "type": "Hex High Entropy String",
        "filename": "internal/domain/torrent_test.go",
        "hashed_secret": "ff998abc1ce6d8f01a675fa197368e44c8916e9c",
        "is_verified": false,
        "line_number": 196
      },
      {
        "type": "Hex High Entropy String",
        "filename": "internal/domain/torrent_test.go",
        "hashed_secret": "e2945f718006578e265368aac9267275e522bad1",
        "is_verified": false,
        "line_number": 201
      }
    ],
    "internal/domain/twofa_test.go": [
      {
        "type": "Secret Keyword",
        "filename": "internal/domain/twofa_test.go",
        "hashed_secret": "6d0be9425a74e3e94ee3313124d9d1052183d606",
        "is_verified": false,
        "line_number": 76
      }
    ],
    "internal/domain/user_test.go": [
      {
        "type": "Secret Keyword",
        "filename": "internal/domain/user_test.go",
        "hashed_secret": "cbfdac6008f9cab4083784cbd1874f76618d2a97",
        "is_verified": false,
        "line_number": 193
      },
      {
        "type": "Base64 High Entropy String",
        "filename": "internal/domain/user_test.go",
        "hashed_secret": "4d7392c7de7632d2b1de446056e3dfd4c0ebc0cc",
        "is_verified": false,
        "line_number": 260
      }
    ],
    "internal/generated/types.go": [
      {
        "type": "Secret Keyword",
        "filename": "internal/generated/types.go",
        "hashed_secret": "41c9841cb7cb7c38904fd24a213eaf85b454e194",
        "is_verified": false,
        "line_number": 1907
      }
    ],
    "internal/httpapi/handlers/auth/auth_handlers_unit_test.go": [
      {
        "type": "Secret Keyword",
        "filename": "internal/httpapi/handlers/auth/auth_handlers_unit_test.go",
        "hashed_secret": "44e17306b837162269a410204daaa5ecee4ec22c",
        "is_verified": false,
        "line_number": 175
      },
      {
        "type": "Secret Keyword",
        "filename": "internal/httpapi/handlers/auth/auth_handlers_unit_test.go",
        "hashed_secret": "bf55a429e913ece928d7704dc4d3991fa87118bc",
        "is_verified": false,
        "line_number": 179
      }
    ],
    "internal/httpapi/handlers/auth/oauth.go": [
      {
        "type": "Secret Keyword",
        "filename": "internal/httpapi/handlers/auth/oauth.go",
        "hashed_secret": "7b3f75273aa326102083abf8ba889181e5a06087",
        "is_verified": false,
        "line_number": 61
      }
    ],
    "internal/httpapi/handlers/auth/oauth_admin_unit_test.go": [
      {
        "type": "Secret Keyword",
        "filename": "internal/httpapi/handlers/auth/oauth_admin_unit_test.go",
        "hashed_secret": "44e17306b837162269a410204daaa5ecee4ec22c",
        "is_verified": false,
        "line_number": 44
      },
      {
        "type": "Secret Keyword",
        "filename": "internal/httpapi/handlers/auth/oauth_admin_unit_test.go",
        "hashed_secret": "eade06d5b5179e9be64b134893c0d52e86a38069",
        "is_verified": false,
        "line_number": 86
      }
    ],
    "internal/httpapi/handlers/auth/oauth_unit_test.go": [
      {
        "type": "Secret Keyword",
        "filename": "internal/httpapi/handlers/auth/oauth_unit_test.go",
        "hashed_secret": "44e17306b837162269a410204daaa5ecee4ec22c",
        "is_verified": false,
        "line_number": 85
      },
      {
        "type": "Secret Keyword",
        "filename": "internal/httpapi/handlers/auth/oauth_unit_test.go",
        "hashed_secret": "a0281cd072cea8e80e7866b05dc124815760b6c9",
        "is_verified": false,
        "line_number": 283
      }
    ],
    "internal/httpapi/handlers/auth/twofa_handlers_unit_test.go": [
      {
        "type": "Secret Keyword",
        "filename": "internal/httpapi/handlers/auth/twofa_handlers_unit_test.go",
        "hashed_secret": "44e17306b837162269a410204daaa5ecee4ec22c",
        "is_verified": false,
        "line_number": 29
      },
      {
        "type": "Secret Keyword",
        "filename": "internal/httpapi/handlers/auth/twofa_handlers_unit_test.go",
        "hashed_secret": "fe1bae27cb7c1fb823f496f286e78f1d2ae87734",
        "is_verified": false,
        "line_number": 37
      }
    ],
    "internal/httpapi/handlers/auth/twofa_integration_test.go": [
      {
        "type": "Secret Keyword",
        "filename": "internal/httpapi/handlers/auth/twofa_integration_test.go",
        "hashed_secret": "b57fa0798cf182195d00866158f0f022ad324741",
        "is_verified": false,
        "line_number": 236
      },
      {
        "type": "Secret Keyword",
        "filename": "internal/httpapi/handlers/auth/twofa_integration_test.go",
        "hashed_secret": "e5e9fa1ba31ecd1ae84f75caaa474f3a663f05f4",
        "is_verified": false,
        "line_number": 238
      }
    ],
    "internal/httpapi/handlers/messaging/message_notifications_test.go": [
      {
        "type": "Basic Auth Credentials",
        "filename": "internal/httpapi/handlers/messaging/message_notifications_test.go",
        "hashed_secret": "9fb7fe1217aed442b04c0f5e43b5d5a7d3287097",
        "is_verified": false,
        "line_number": 35
      }
    ],
    "internal/httpapi/handlers/messaging/notifications_integration_test.go": [
      {
        "type": "Basic Auth Credentials",
        "filename": "internal/httpapi/handlers/messaging/notifications_integration_test.go",
        "hashed_secret": "9fb7fe1217aed442b04c0f5e43b5d5a7d3287097",
        "is_verified": false,
        "line_number": 49
      }
    ],
    "internal/httpapi/handlers/video/import_integration_test.go": [
      {
        "type": "Basic Auth Credentials",
        "filename": "internal/httpapi/handlers/video/import_integration_test.go",
        "hashed_secret": "9fb7fe1217aed442b04c0f5e43b5d5a7d3287097",
        "is_verified": false,
        "line_number": 39
      }
    ],
    "internal/httpapi/handlers/video/torrent_handlers_unit_test.go": [
      {
        "type": "Hex High Entropy String",
        "filename": "internal/httpapi/handlers/video/torrent_handlers_unit_test.go",
        "hashed_secret": "6740d1ecb48c5c9ca3b2a3cb1ca2f4b4d4487473",
        "is_verified": false,
        "line_number": 111
      }
    ],
    "internal/httpapi/handlers/video/video_category_handler_test.go": [
      {
        "type": "Secret Keyword",
        "filename": "internal/httpapi/handlers/video/video_category_handler_test.go",
        "hashed_secret": "c9244e61aff4c392acab233287affea119e1d54b",
        "is_verified": false,
        "line_number": 481
      }
    ],
    "internal/httpapi/routes.go": [
      {
        "type": "Secret Keyword",
        "filename": "internal/httpapi/routes.go",
        "hashed_secret": "f4f7e0d851cf8a48ae7b2c361793ee9cbe8a84b8",
        "is_verified": false,
        "line_number": 114
      }
    ],
    "internal/httpapi/security_test.go": [
      {
        "type": "Secret Keyword",
        "filename": "internal/httpapi/security_test.go",
        "hashed_secret": "b2b16d1e009a732029babed97f420237cedd72e2",
        "is_verified": false,
        "line_number": 124
      },
      {
        "type": "Secret Keyword",
        "filename": "internal/httpapi/security_test.go",
        "hashed_secret": "c9244e61aff4c392acab233287affea119e1d54b",
        "is_verified": false,
        "line_number": 172
      },
      {
        "type": "Secret Keyword",
        "filename": "internal/httpapi/security_test.go",
        "hashed_secret": "cbfdac6008f9cab4083784cbd1874f76618d2a97",
        "is_verified": false,
        "line_number": 173
      }
    ],
    "internal/ipfs/IMPLEMENTATION_GUIDE.md": [
      {
        "type": "Secret Keyword",
        "filename": "internal/ipfs/IMPLEMENTATION_GUIDE.md",
        "hashed_secret": "17603537cd3786e49635a8b085a92f2165e2d182",
        "is_verified": false,
        "line_number": 534
      }
    ],
    "internal/ipfs/cid_validation_test.go": [
      {
        "type": "Base64 High Entropy String",
        "filename": "internal/ipfs/cid_validation_test.go",
        "hashed_secret": "930edf243f2057480492670656f4e93348c49250",
        "is_verified": false,
        "line_number": 33
      },
      {
        "type": "Base64 High Entropy String",
        "filename": "internal/ipfs/cid_validation_test.go",
        "hashed_secret": "1b4c235d92df976e0acd91da40498cec9a429673",
        "is_verified": false,
        "line_number": 62
      },
      {
        "type": "Base64 High Entropy String",
        "filename": "internal/ipfs/cid_validation_test.go",
        "hashed_secret": "7d1696e07c1c7a4082f5a2b1069e41c80982aded",
        "is_verified": false,
        "line_number": 66
      },
      {
        "type": "Base64 High Entropy String",
        "filename": "internal/ipfs/cid_validation_test.go",
        "hashed_secret": "d023c62cfc50013f619c41a11fecb01d1f84ff85",
        "is_verified": false,
        "line_number": 99
      }
    ],
    "internal/ipfs/cluster_auth_test.go": [
      {
        "type": "Private Key",
        "filename": "internal/ipfs/cluster_auth_test.go",
        "hashed_secret": "f0778f3e140a61d5bbbed5430773e52af2f5fba4",
        "is_verified": false,
        "line_number": 191
      },
      {
        "type": "Private Key",
        "filename": "internal/ipfs/cluster_auth_test.go",
        "hashed_secret": "1348b145fa1a555461c1b790a2f66614781091e9",
        "is_verified": false,
        "line_number": 241
      }
    ],
    "internal/middleware/auth_test.go": [
      {
        "type": "Secret Keyword",
        "filename": "internal/middleware/auth_test.go",
        "hashed_secret": "d4e0e04792fd434b5dc9c4155c178f66edcf4ed3",
        "is_verified": false,
        "line_number": 17
      }
    ],
    "internal/payments/iota_client_test.go": [
      {
        "type": "Base64 High Entropy String",
        "filename": "internal/payments/iota_client_test.go",
        "hashed_secret": "70f10cb1d9fa146d45b794ec288b3e1f442bc2f2",
        "is_verified": false,
        "line_number": 861
      }
    ],
    "internal/plugin/examples/webhook_plugin.go": [
      {
        "type": "Secret Keyword",
        "filename": "internal/plugin/examples/webhook_plugin.go",
        "hashed_secret": "e5e9fa1ba31ecd1ae84f75caaa474f3a663f05f4",
        "is_verified": false,
        "line_number": 73
      }
    ],
    "internal/repository/activitypub_key_security_test.go": [
      {
        "type": "Private Key",
        "filename": "internal/repository/activitypub_key_security_test.go",
        "hashed_secret": "be4fc4886bd949b369d5e092eb87494f12e57e5b",
        "is_verified": false,
        "line_number": 38
      },
      {
        "type": "Secret Keyword",
        "filename": "internal/repository/activitypub_key_security_test.go",
        "hashed_secret": "5bee52960acc81a281604cb0580f40ac1b00f003",
        "is_verified": false,
        "line_number": 55
      },
      {
        "type": "Secret Keyword",
        "filename": "internal/repository/activitypub_key_security_test.go",
        "hashed_secret": "e3a5968a221c47595d6d48bc249594fdbce3ea14",
        "is_verified": false,
        "line_number": 122
      }
    ],
    "internal/repository/activitypub_repository.go": [
      {
        "type": "Secret Keyword",
        "filename": "internal/repository/activitypub_repository.go",
        "hashed_secret": "444ce5c2cc2a573cbc0103d5c3998b7c0cc3c5f9",
        "is_verified": false,
        "line_number": 51
      },
      {
        "type": "Secret Keyword",
        "filename": "internal/repository/activitypub_repository.go",
        "hashed_secret": "2331919a92cbb5c2d530947171fa5e1a1415af2f",
        "is_verified": false,
        "line_number": 70
      },
      {
        "type": "Secret Keyword",
        "filename": "internal/repository/activitypub_repository.go",
        "hashed_secret": "d8b4d8e5a5293486c3b7e3c23aea726507bd229d",
        "is_verified": false,
        "line_number": 78
      }
    ],
    "internal/repository/activitypub_repository_test.go": [
      {
        "type": "Private Key",
        "filename": "internal/repository/activitypub_repository_test.go",
        "hashed_secret": "1348b145fa1a555461c1b790a2f66614781091e9",
        "is_verified": false,
        "line_number": 36
      }
    ],
    "internal/repository/atproto_repository_unit_test.go": [
      {
        "type": "Hex High Entropy String",
        "filename": "internal/repository/atproto_repository_unit_test.go",
        "hashed_secret": "b1775a785f09a6ebaf2dc33d6eaeb98974d9cdb8",
        "is_verified": false,
        "line_number": 20
      }
    ],
    "internal/repository/crypto_repository_unit_test.go": [
      {
        "type": "Secret Keyword",
        "filename": "internal/repository/crypto_repository_unit_test.go",
        "hashed_secret": "dec7692a093b843bdcc416d4cc5d953a8b84f556",
        "is_verified": false,
        "line_number": 234
      }
    ],
    "internal/repository/oauth_repository_unit_test.go": [
      {
        "type": "Secret Keyword",
        "filename": "internal/repository/oauth_repository_unit_test.go",
        "hashed_secret": "eade06d5b5179e9be64b134893c0d52e86a38069",
        "is_verified": false,
        "line_number": 34
      },
      {
        "type": "Secret Keyword",
        "filename": "internal/repository/oauth_repository_unit_test.go",
        "hashed_secret": "5ef3af6cd9b5aa907fa618fac829baaec6763b42",
        "is_verified": false,
        "line_number": 171
      }
    ],
    "internal/repository/torrent_repository_test.go": [
      {
        "type": "Hex High Entropy String",
        "filename": "internal/repository/torrent_repository_test.go",
        "hashed_secret": "e3881428d6c5f285fdd894d8e2892629651a78dd",
        "is_verified": false,
        "line_number": 30
      }
    ],
    "internal/repository/user_repository.go": [
      {
        "type": "Secret Keyword",
        "filename": "internal/repository/user_repository.go",
        "hashed_secret": "96a38f874f838b4eb3e4c2c75d70910ee9321a60",
        "is_verified": false,
        "line_number": 113
      }
    ],
    "internal/repository/user_repository_unit_test.go": [
      {
        "type": "Secret Keyword",
        "filename": "internal/repository/user_repository_unit_test.go",
        "hashed_secret": "cbacf7aee8bcd2d88c20ebac7f68993fa1042e26",
        "is_verified": false,
        "line_number": 48
      },
      {
        "type": "Secret Keyword",
        "filename": "internal/repository/user_repository_unit_test.go",
        "hashed_secret": "9ed7bcde0e7d7a7cd6cd4cc5312861d211083861",
        "is_verified": false,
        "line_number": 51
      }
    ],
    "internal/security/activitypub_key_encryption_test.go": [
      {
        "type": "Private Key",
        "filename": "internal/security/activitypub_key_encryption_test.go",
        "hashed_secret": "be4fc4886bd949b369d5e092eb87494f12e57e5b",
        "is_verified": false,
        "line_number": 74
      },
      {
        "type": "Base64 High Entropy String",
        "filename": "internal/security/activitypub_key_encryption_test.go",
        "hashed_secret": "1e52744a18ac8c402101014edc755fb37108e7aa",
        "is_verified": false,
        "line_number": 127
      },
      {
        "type": "Private Key",
        "filename": "internal/security/activitypub_key_encryption_test.go",
        "hashed_secret": "1348b145fa1a555461c1b790a2f66614781091e9",
        "is_verified": false,
        "line_number": 297
      }
    ],
    "internal/security/hls_signing_test.go": [
      {
        "type": "Secret Keyword",
        "filename": "internal/security/hls_signing_test.go",
        "hashed_secret": "d4e0e04792fd434b5dc9c4155c178f66edcf4ed3",
        "is_verified": false,
        "line_number": 9
      }
    ],
    "internal/security/url_validator_test.go": [
      {
        "type": "Basic Auth Credentials",
        "filename": "internal/security/url_validator_test.go",
        "hashed_secret": "9d4e1e23bd5b727046a9e3b4b7db57bd8d6ee684",
        "is_verified": false,
        "line_number": 180
      }
    ],
    "internal/security/wallet_encryption_test.go": [
      {
        "type": "Hex High Entropy String",
        "filename": "internal/security/wallet_encryption_test.go",
        "hashed_secret": "2f8a7cf9af589daedb2d7c309e560cfdec99070e",
        "is_verified": false,
        "line_number": 292
      },
      {
        "type": "Base64 High Entropy String",
        "filename": "internal/security/wallet_encryption_test.go",
        "hashed_secret": "e49b2a62b9f7ab35c568e75ac445db1b99b8af47",
        "is_verified": false,
        "line_number": 297
      }
    ],
    "internal/setup/validate_test.go": [
      {
        "type": "Basic Auth Credentials",
        "filename": "internal/setup/validate_test.go",
        "hashed_secret": "9d4e1e23bd5b727046a9e3b4b7db57bd8d6ee684",
        "is_verified": false,
        "line_number": 17
      },
      {
        "type": "Base64 High Entropy String",
        "filename": "internal/setup/validate_test.go",
        "hashed_secret": "5222a2c0413e673d3a4f9be842dcdf296e4580e4",
        "is_verified": false,
        "line_number": 102
      },
      {
        "type": "Base64 High Entropy String",
        "filename": "internal/setup/validate_test.go",
        "hashed_secret": "ce11fda62967b7d085e47418dfeb32488217b137",
        "is_verified": false,
        "line_number": 107
      }
    ],
    "internal/setup/verify_execution_test.go": [
      {
        "type": "Secret Keyword",
        "filename": "internal/setup/verify_execution_test.go",
        "hashed_secret": "d992bef1339ec75ac7a2f709a4c534c1cdf185de",
        "is_verified": false,
        "line_number": 55
      },
      {
        "type": "Secret Keyword",
        "filename": "internal/setup/verify_execution_test.go",
        "hashed_secret": "b1d266e118b5884f0455d4e559a9a6a8a685e8d2",
        "is_verified": false,
        "line_number": 149
      }
    ],
    "internal/setup/wizard_db.go": [
      {
        "type": "Basic Auth Credentials",
        "filename": "internal/setup/wizard_db.go",
        "hashed_secret": "9d4e1e23bd5b727046a9e3b4b7db57bd8d6ee684",
        "is_verified": false,
        "line_number": 101
      }
    ],
    "internal/setup/wizard_db_test.go": [
      {
        "type": "Basic Auth Credentials",
        "filename": "internal/setup/wizard_db_test.go",
        "hashed_secret": "9d4e1e23bd5b727046a9e3b4b7db57bd8d6ee684",
        "is_verified": false,
        "line_number": 20
      }
    ],
    "internal/setup/wizard_flow_test.go": [
      {
        "type": "Basic Auth Credentials",
        "filename": "internal/setup/wizard_flow_test.go",
        "hashed_secret": "a94a8fe5ccb19ba61c4c0873d391e987982fbbd3",
        "is_verified": false,
        "line_number": 94
      },
      {
        "type": "Basic Auth Credentials",
        "filename": "internal/setup/wizard_flow_test.go",
        "hashed_secret": "9d4e1e23bd5b727046a9e3b4b7db57bd8d6ee684",
        "is_verified": false,
        "line_number": 155
      },
      {
        "type": "Secret Keyword",
        "filename": "internal/setup/wizard_flow_test.go",
        "hashed_secret": "9d4e1e23bd5b727046a9e3b4b7db57bd8d6ee684",
        "is_verified": false,
        "line_number": 230
      },
      {
        "type": "Secret Keyword",
        "filename": "internal/setup/wizard_flow_test.go",
        "hashed_secret": "609a5fb3e9e7df743ed636843c3cc80ee42530be",
        "is_verified": false,
        "line_number": 303
      },
      {
        "type": "Secret Keyword",
        "filename": "internal/setup/wizard_flow_test.go",
        "hashed_secret": "0457eab0125e39f796537cf4aaa8393c220e9c56",
        "is_verified": false,
        "line_number": 324
      },
      {
        "type": "Secret Keyword",
        "filename": "internal/setup/wizard_flow_test.go",
        "hashed_secret": "fe1bae27cb7c1fb823f496f286e78f1d2ae87734",
        "is_verified": false,
        "line_number": 374
      },
      {
        "type": "Basic Auth Credentials",
        "filename": "internal/setup/wizard_flow_test.go",
        "hashed_secret": "1c58bd92003bbaa0538e249fff6ee19a270dec5f",
        "is_verified": false,
        "line_number": 781
      },
      {
        "type": "Secret Keyword",
        "filename": "internal/setup/wizard_flow_test.go",
        "hashed_secret": "2eec374681b67acd87af8e38a0052d66a28273eb",
        "is_verified": false,
        "line_number": 819
      },
      {
        "type": "Basic Auth Credentials",
        "filename": "internal/setup/wizard_flow_test.go",
        "hashed_secret": "2eec374681b67acd87af8e38a0052d66a28273eb",
        "is_verified": false,
        "line_number": 822
      },
      {
        "type": "Secret Keyword",
        "filename": "internal/setup/wizard_flow_test.go",
        "hashed_secret": "cbfdac6008f9cab4083784cbd1874f76618d2a97",
        "is_verified": false,
        "line_number": 1194
      }
    ],
    "internal/setup/wizard_forms.go": [
      {
        "type": "Secret Keyword",
        "filename": "internal/setup/wizard_forms.go",
        "hashed_secret": "ba241da8ae7d4f61c840c08b1f7aca8405875a5e",
        "is_verified": false,
        "line_number": 333
      },
      {
        "type": "Secret Keyword",
        "filename": "internal/setup/wizard_forms.go",
        "hashed_secret": "a2ef97dc5d71f36503ccce3a1764fbd2c0268144",
        "is_verified": false,
        "line_number": 344
      },
      {
        "type": "Secret Keyword",
        "filename": "internal/setup/wizard_forms.go",
        "hashed_secret": "f3d8d482021a1046f3f385beb362cc29343d043e",
        "is_verified": false,
        "line_number": 362
      },
      {
        "type": "Secret Keyword",
        "filename": "internal/setup/wizard_forms.go",
        "hashed_secret": "4f44c652922cb9d91e03a062f3b4a97731c182fa",
        "is_verified": false,
        "line_number": 453
      }
    ],
    "internal/setup/wizard_testability_test.go": [
      {
        "type": "Secret Keyword",
        "filename": "internal/setup/wizard_testability_test.go",
        "hashed_secret": "c18006fc138809314751cd1991f1e0b820fabd37",
        "is_verified": false,
        "line_number": 103
      },
      {
        "type": "Secret Keyword",
        "filename": "internal/setup/wizard_testability_test.go",
        "hashed_secret": "ba5eb0c880b81558ae8b3869b3ff3bdcda5483de",
        "is_verified": false,
        "line_number": 154
      }
    ],
    "internal/setup/writer_test.go": [
      {
        "type": "Secret Keyword",
        "filename": "internal/setup/writer_test.go",
        "hashed_secret": "18013b6081f41b2de6d4cc7335dcbca97978c334",
        "is_verified": false,
        "line_number": 54
      },
      {
        "type": "Basic Auth Credentials",
        "filename": "internal/setup/writer_test.go",
        "hashed_secret": "9d4e1e23bd5b727046a9e3b4b7db57bd8d6ee684",
        "is_verified": false,
        "line_number": 68
      },
      {
        "type": "Secret Keyword",
        "filename": "internal/setup/writer_test.go",
        "hashed_secret": "e5e9fa1ba31ecd1ae84f75caaa474f3a663f05f4",
        "is_verified": false,
        "line_number": 345
      }
    ],
    "internal/torrent/generator_test.go": [
      {
        "type": "Hex High Entropy String",
        "filename": "internal/torrent/generator_test.go",
        "hashed_secret": "e3881428d6c5f285fdd894d8e2892629651a78dd",
        "is_verified": false,
        "line_number": 226
      }
    ],
    "internal/torrent/manager_test.go": [
      {
        "type": "Hex High Entropy String",
        "filename": "internal/torrent/manager_test.go",
        "hashed_secret": "90bd1b48e958257948487b90bee080ba5ed00caa",
        "is_verified": false,
        "line_number": 45
      }
    ],
    "internal/usecase/ipfs_streaming/gateway_client.go": [
      {
        "type": "Base64 High Entropy String",
        "filename": "internal/usecase/ipfs_streaming/gateway_client.go",
        "hashed_secret": "889a5c06914d5430caba7ca465380f91d1559c4d",
        "is_verified": false,
        "line_number": 243
      }
    ],
    "internal/usecase/twofa_service_test.go": [
      {
        "type": "Secret Keyword",
        "filename": "internal/usecase/twofa_service_test.go",
        "hashed_secret": "b57fa0798cf182195d00866158f0f022ad324741",
        "is_verified": false,
        "line_number": 189
      }
    ],
    "internal/validation/checksum_test.go": [
      {
        "type": "Hex High Entropy String",
        "filename": "internal/validation/checksum_test.go",
        "hashed_secret": "af6aed070e6603b39e3cf836cf407775f8bb698c",
        "is_verified": false,
        "line_number": 30
      }
    ],
    "k8s/base/secret.yaml.example": [
      {
        "type": "Basic Auth Credentials",
        "filename": "k8s/base/secret.yaml.example",
        "hashed_secret": "5baa61e4c9b93f3f0682250b6cf8331b7ee68fd8",
        "is_verified": false,
        "line_number": 14
      },
      {
        "type": "Basic Auth Credentials",
        "filename": "k8s/base/secret.yaml.example",
        "hashed_secret": "7205a0abf00d1daec13c63ece029057c974795a9",
        "is_verified": false,
        "line_number": 15
      },
      {
        "type": "Secret Keyword",
        "filename": "k8s/base/secret.yaml.example",
        "hashed_secret": "f634e37290c8dd838df12667b629e98e677e9869",
        "is_verified": false,
        "line_number": 23
      },
      {
        "type": "Secret Keyword",
        "filename": "k8s/base/secret.yaml.example",
        "hashed_secret": "75aeb3da64dd8e1db335bd609f123b617b1b0432",
        "is_verified": false,
        "line_number": 27
      }
    ],
    "postman/newman/newman-run-report-2025-08-22-07-53-01-266-0.json": [
      {
        "type": "JSON Web Token",
        "filename": "postman/newman/newman-run-report-2025-08-22-07-53-01-266-0.json",
        "hashed_secret": "313ea14d8bf1f02e617e350f100a5bfc47676e1d",
        "is_verified": false,
        "line_number": 2620
      },
      {
        "type": "Hex High Entropy String",
        "filename": "postman/newman/newman-run-report-2025-08-22-07-53-01-266-0.json",
        "hashed_secret": "fbbea97bcc94a22c3057490db0a87ecd23b17014",
        "is_verified": false,
        "line_number": 10995
      },
      {
        "type": "Hex High Entropy String",
        "filename": "postman/newman/newman-run-report-2025-08-22-07-53-01-266-0.json",
        "hashed_secret": "f91cbdeab17e5b574d76d918b6ab550efcf880e6",
        "is_verified": false,
        "line_number": 12242
      },
      {
        "type": "Hex High Entropy String",
        "filename": "postman/newman/newman-run-report-2025-08-22-07-53-01-266-0.json",
        "hashed_secret": "6571c9641e687ed39e4fdb4e0d7e1250d81f21b3",
        "is_verified": false,
        "line_number": 13485
      },
      {
        "type": "Hex High Entropy String",
        "filename": "postman/newman/newman-run-report-2025-08-22-07-53-01-266-0.json",
        "hashed_secret": "15d43be59facdc48d6f9f7ad842925b2abec8597",
        "is_verified": false,
        "line_number": 14727
      },
      {
        "type": "Hex High Entropy String",
        "filename": "postman/newman/newman-run-report-2025-08-22-07-53-01-266-0.json",
        "hashed_secret": "12209a871e5742b172a63fa1f1e819620d03528b",
        "is_verified": false,
        "line_number": 15970
      },
      {
        "type": "Hex High Entropy String",
        "filename": "postman/newman/newman-run-report-2025-08-22-07-53-01-266-0.json",
        "hashed_secret": "4267fd3215b467df2b7b2540c47d1a5ee7f6bde3",
        "is_verified": false,
        "line_number": 17213
      },
      {
        "type": "Hex High Entropy String",
        "filename": "postman/newman/newman-run-report-2025-08-22-07-53-01-266-0.json",
        "hashed_secret": "f31f2b6cd9f8f8844f45f94587988af74c647dc6",
        "is_verified": false,
        "line_number": 18456
      },
      {
        "type": "Hex High Entropy String",
        "filename": "postman/newman/newman-run-report-2025-08-22-07-53-01-266-0.json",
        "hashed_secret": "2f088063c4178fa8793805a8675c95c97357eabc",
        "is_verified": false,
        "line_number": 19697
      },
      {
        "type": "Hex High Entropy String",
        "filename": "postman/newman/newman-run-report-2025-08-22-07-53-01-266-0.json",
        "hashed_secret": "dc0885f41992e25a170a609cc31bb2d20ed29888",
        "is_verified": false,
        "line_number": 20938
      },
      {
        "type": "Hex High Entropy String",
        "filename": "postman/newman/newman-run-report-2025-08-22-07-53-01-266-0.json",
        "hashed_secret": "0f16db826050fcf9a326b5e838b3d4a5b9140d0b",
        "is_verified": false,
        "line_number": 22179
      },
      {
        "type": "Hex High Entropy String",
        "filename": "postman/newman/newman-run-report-2025-08-22-07-53-01-266-0.json",
        "hashed_secret": "918e7904f57504cb0080a3595b72e5bf79231fc5",
        "is_verified": false,
        "line_number": 23420
      }
    ],
    "postman/run-virus-scanner-tests.sh": [
      {
        "type": "Secret Keyword",
        "filename": "postman/run-virus-scanner-tests.sh",
        "hashed_secret": "2aa0a75c2b379a33fe77fb83e34e4514241fb314",
        "is_verified": false,
        "line_number": 107
      }
    ],
    "postman/test-results.json": [
      {
        "type": "Hex High Entropy String",
        "filename": "postman/test-results.json",
        "hashed_secret": "6f064cc946f896f5dc090f46a0418d3bd7710a61",
        "is_verified": false,
        "line_number": 4595
      },
      {
        "type": "Hex High Entropy String",
        "filename": "postman/test-results.json",
        "hashed_secret": "0989ceb87888cc00dcfcd8eb405c68e1252d76e3",
        "is_verified": false,
        "line_number": 14875
      },
      {
        "type": "Hex High Entropy String",
        "filename": "postman/test-results.json",
        "hashed_secret": "766d6c9c7872ae74d92f52f86bf25eeb027a96fe",
        "is_verified": false,
        "line_number": 15021
      },
      {
        "type": "Hex High Entropy String",
        "filename": "postman/test-results.json",
        "hashed_secret": "9b9802d360735af7000f665c8c0e5af7d3969855",
        "is_verified": false,
        "line_number": 16691
      },
      {
        "type": "Hex High Entropy String",
        "filename": "postman/test-results.json",
        "hashed_secret": "8b42b3a120bb1a07527c1cdb8dab1e51dd1fd27f",
        "is_verified": false,
        "line_number": 20184
      },
      {
        "type": "Hex High Entropy String",
        "filename": "postman/test-results.json",
        "hashed_secret": "fdd5174e302be3cab22c35230bfe13b31cd235b6",
        "is_verified": false,
        "line_number": 21989
      },
      {
        "type": "Hex High Entropy String",
        "filename": "postman/test-results.json",
        "hashed_secret": "ae8b4a4d8614de0ea730bdb42c6dafdf9aa257db",
        "is_verified": false,
        "line_number": 23627
      },
      {
        "type": "Hex High Entropy String",
        "filename": "postman/test-results.json",
        "hashed_secret": "330092948f0d1462acd18151c1e53468a855bc43",
        "is_verified": false,
        "line_number": 25420
      },
      {
        "type": "Hex High Entropy String",
        "filename": "postman/test-results.json",
        "hashed_secret": "90966dd4d2c05e5b3e3aabab7421314d6b012d85",
        "is_verified": false,
        "line_number": 27258
      },
      {
        "type": "Hex High Entropy String",
        "filename": "postman/test-results.json",
        "hashed_secret": "6fdac323623dab18adc16a842c413433d7d5045d",
        "is_verified": false,
        "line_number": 29108
      },
      {
        "type": "Hex High Entropy String",
        "filename": "postman/test-results.json",
        "hashed_secret": "cf43518546e0f1900ce9333f9f44673cdfe60503",
        "is_verified": false,
        "line_number": 30965
      },
      {
        "type": "Hex High Entropy String",
        "filename": "postman/test-results.json",
        "hashed_secret": "4ca708e5f2f05a071f1d4b4390657a7e38f4d9b1",
        "is_verified": false,
        "line_number": 32832
      },
      {
        "type": "Hex High Entropy String",
        "filename": "postman/test-results.json",
        "hashed_secret": "7d45da23027066022e84ec26c49c5f6863f33a7d",
        "is_verified": false,
        "line_number": 34700
      },
      {
        "type": "Hex High Entropy String",
        "filename": "postman/test-results.json",
        "hashed_secret": "d43367ef0947f93438cdc9685a1f71f06b7902d7",
        "is_verified": false,
        "line_number": 36568
      },
      {
        "type": "Hex High Entropy String",
        "filename": "postman/test-results.json",
        "hashed_secret": "ca8bda5c6ca21dddb22bf0d751510a17de729f24",
        "is_verified": false,
        "line_number": 38425
      },
      {
        "type": "Hex High Entropy String",
        "filename": "postman/test-results.json",
        "hashed_secret": "d22ba34e9a76b568396d8387aa3bb22d885e7bef",
        "is_verified": false,
        "line_number": 40271
      },
      {
        "type": "Hex High Entropy String",
        "filename": "postman/test-results.json",
        "hashed_secret": "79d174c8772fc21e5e99da15dd3620b8c41fc14e",
        "is_verified": false,
        "line_number": 42116
      },
      {
        "type": "Hex High Entropy String",
        "filename": "postman/test-results.json",
        "hashed_secret": "1eb9cbb1ff76e29688fbdfc77789ad8df5e67ef1",
        "is_verified": false,
        "line_number": 43918
      },
      {
        "type": "Hex High Entropy String",
        "filename": "postman/test-results.json",
        "hashed_secret": "c7bca06f9d9a1b9fa96c9b462285c229d0de2bfd",
        "is_verified": false,
        "line_number": 45568
      },
      {
        "type": "Hex High Entropy String",
        "filename": "postman/test-results.json",
        "hashed_secret": "c72c1d5cf61c8856e042959d856ae403ace798a9",
        "is_verified": false,
        "line_number": 47335
      },
      {
        "type": "Hex High Entropy String",
        "filename": "postman/test-results.json",
        "hashed_secret": "fd40eeeba91e37b8bb492de4f3d5b9914ca9b999",
        "is_verified": false,
        "line_number": 48973
      },
      {
        "type": "Hex High Entropy String",
        "filename": "postman/test-results.json",
        "hashed_secret": "93b4000c2d591acf78c1d9c340364228ed2275af",
        "is_verified": false,
        "line_number": 50728
      },
      {
        "type": "Hex High Entropy String",
        "filename": "postman/test-results.json",
        "hashed_secret": "0945b5355f8ebdd550c23e8998dd42c0664b2789",
        "is_verified": false,
        "line_number": 52366
      },
      {
        "type": "Hex High Entropy String",
        "filename": "postman/test-results.json",
        "hashed_secret": "57940360657a2248c4bb0dee9c75d63cc78c97d9",
        "is_verified": false,
        "line_number": 54160
      },
      {
        "type": "Hex High Entropy String",
        "filename": "postman/test-results.json",
        "hashed_secret": "e2b83fe72df1fcf22f98e0a9dd9013c78278713b",
        "is_verified": false,
        "line_number": 55955
      },
      {
        "type": "Hex High Entropy String",
        "filename": "postman/test-results.json",
        "hashed_secret": "0ff477f4dcf3144ed5047eab5c79ab675f396ffe",
        "is_verified": false,
        "line_number": 57593
      },
      {
        "type": "Hex High Entropy String",
        "filename": "postman/test-results.json",
        "hashed_secret": "5eb10d13033b042060e833a38d180a032b68c67e",
        "is_verified": false,
        "line_number": 59348
      },
      {
        "type": "Hex High Entropy String",
        "filename": "postman/test-results.json",
        "hashed_secret": "0bcb26ec20cf49420401baba5fa7d9d1730efde4",
        "is_verified": false,
        "line_number": 60986
      },
      {
        "type": "Hex High Entropy String",
        "filename": "postman/test-results.json",
        "hashed_secret": "8486c83575f5d9bdd4b51436c10d94780e7d5553",
        "is_verified": false,
        "line_number": 62769
      },
      {
        "type": "Hex High Entropy String",
        "filename": "postman/test-results.json",
        "hashed_secret": "dddcaebab9090eb5acfdd9d20aa1d64defb41cb8",
        "is_verified": false,
        "line_number": 68447
      },
      {
        "type": "Hex High Entropy String",
        "filename": "postman/test-results.json",
        "hashed_secret": "b90e87235a847bc3c61a38315d71690a5cba7f31",
        "is_verified": false,
        "line_number": 71226
      },
      {
        "type": "Hex High Entropy String",
        "filename": "postman/test-results.json",
        "hashed_secret": "0f847d7cacfd90f6f299ee22bd0d18cdb0e24010",
        "is_verified": false,
        "line_number": 74143
      },
      {
        "type": "Hex High Entropy String",
        "filename": "postman/test-results.json",
        "hashed_secret": "1a31a513bb5119949b7fd473f9ef46a34e444bc9",
        "is_verified": false,
        "line_number": 76921
      },
      {
        "type": "Hex High Entropy String",
        "filename": "postman/test-results.json",
        "hashed_secret": "121df93a36b776401b147593976bc8a629e8e84d",
        "is_verified": false,
        "line_number": 79837
      },
      {
        "type": "Hex High Entropy String",
        "filename": "postman/test-results.json",
        "hashed_secret": "324e304b8a363fb6284c204b97e5e983d68ddc9a",
        "is_verified": false,
        "line_number": 82615
      },
      {
        "type": "Hex High Entropy String",
        "filename": "postman/test-results.json",
        "hashed_secret": "0a04e9751fae1b2b930b38505be73793492eb56e",
        "is_verified": false,
        "line_number": 85531
      },
      {
        "type": "Hex High Entropy String",
        "filename": "postman/test-results.json",
        "hashed_secret": "72c5741d830ba2cf8b002571b0dc0b01aa8a6951",
        "is_verified": false,
        "line_number": 88309
      },
      {
        "type": "Hex High Entropy String",
        "filename": "postman/test-results.json",
        "hashed_secret": "6d0585cb2ff658786b8e856d3f4937ad44141098",
        "is_verified": false,
        "line_number": 91225
      },
      {
        "type": "Hex High Entropy String",
        "filename": "postman/test-results.json",
        "hashed_secret": "f4761d2aa2f61d64a5f803f78f20d47cb3727d58",
        "is_verified": false,
        "line_number": 94003
      },
      {
        "type": "Hex High Entropy String",
        "filename": "postman/test-results.json",
        "hashed_secret": "f709109b68fb586c1f72a0f65ea35a6c71a775c8",
        "is_verified": false,
        "line_number": 96914
      },
      {
        "type": "Hex High Entropy String",
        "filename": "postman/test-results.json",
        "hashed_secret": "13b9bf08efc44b07dbf000948e4e22804d6bc0de",
        "is_verified": false,
        "line_number": 99687
      },
      {
        "type": "Hex High Entropy String",
        "filename": "postman/test-results.json",
        "hashed_secret": "3c136f4cbeced15b069070defe6edda67d51a69a",
        "is_verified": false,
        "line_number": 102593
      },
      {
        "type": "Hex High Entropy String",
        "filename": "postman/test-results.json",
        "hashed_secret": "95ae27bfd52e1a93bb1d8d1289ac7da9c25facf1",
        "is_verified": false,
        "line_number": 105366
      },
      {
        "type": "Hex High Entropy String",
        "filename": "postman/test-results.json",
        "hashed_secret": "d47e73dcbb4cd5b881f91581493ee193fdaa1d69",
        "is_verified": false,
        "line_number": 108272
      },
      {
        "type": "Hex High Entropy String",
        "filename": "postman/test-results.json",
        "hashed_secret": "cf0f2be0be54ccac4bd2dcdf3f447ab24d8483b4",
        "is_verified": false,
        "line_number": 111045
      },
      {
        "type": "Hex High Entropy String",
        "filename": "postman/test-results.json",
        "hashed_secret": "dd5b192f742ca04405211fc923f7accdb8517c9e",
        "is_verified": false,
        "line_number": 113951
      },
      {
        "type": "Hex High Entropy String",
        "filename": "postman/test-results.json",
        "hashed_secret": "d7dbab5b518b33dff590c2ba2863be7692612842",
        "is_verified": false,
        "line_number": 116724
      },
      {
        "type": "Hex High Entropy String",
        "filename": "postman/test-results.json",
        "hashed_secret": "15b5badc6afa4f5b5724dcd5ac2dbeb8ec477c56",
        "is_verified": false,
        "line_number": 119630
      },
      {
        "type": "Hex High Entropy String",
        "filename": "postman/test-results.json",
        "hashed_secret": "b987730d8798c33ef1258fd15421ac4ff484ae7c",
        "is_verified": false,
        "line_number": 122403
      },
      {
        "type": "Hex High Entropy String",
        "filename": "postman/test-results.json",
        "hashed_secret": "29210af2f4b2e4647f67781b37ab44876e5c863d",
        "is_verified": false,
        "line_number": 125309
      },
      {
        "type": "Hex High Entropy String",
        "filename": "postman/test-results.json",
        "hashed_secret": "dfb7c5b9dd98696110dc8ae94f98d7cb678fb3da",
        "is_verified": false,
        "line_number": 128082
      },
      {
        "type": "Hex High Entropy String",
        "filename": "postman/test-results.json",
        "hashed_secret": "61aec0200e7707c4020b1c7f6aef213e97883f04",
        "is_verified": false,
        "line_number": 130979
      },
      {
        "type": "Hex High Entropy String",
        "filename": "postman/test-results.json",
        "hashed_secret": "b658384ecf10826fe510b171bfcbe87735ae75d5",
        "is_verified": false,
        "line_number": 133741
      },
      {
        "type": "Hex High Entropy String",
        "filename": "postman/test-results.json",
        "hashed_secret": "36444070a1f72669657ef202b18e0a92a1afd423",
        "is_verified": false,
        "line_number": 136631
      },
      {
        "type": "Hex High Entropy String",
        "filename": "postman/test-results.json",
        "hashed_secret": "2dae037ceae5327f97eea775be63f2758a570f2d",
        "is_verified": false,
        "line_number": 139399
      },
      {
        "type": "Hex High Entropy String",
        "filename": "postman/test-results.json",
        "hashed_secret": "cbad5ac1d0d948d9e455ae8f9b647d17a6b335a7",
        "is_verified": false,
        "line_number": 142308
      },
      {
        "type": "Hex High Entropy String",
        "filename": "postman/test-results.json",
        "hashed_secret": "296951c2cf886dc171e08fc60a52ff691a7f571a",
        "is_verified": false,
        "line_number": 147975
      },
      {
        "type": "Hex High Entropy String",
        "filename": "postman/test-results.json",
        "hashed_secret": "8117fb4dddc9cae642eb687156d590da0798000d",
        "is_verified": false,
        "line_number": 153635
      },
      {
        "type": "Hex High Entropy String",
        "filename": "postman/test-results.json",
        "hashed_secret": "f7fb3300353c68deae8f540cbc9bc92e86bff302",
        "is_verified": false,
        "line_number": 159276
      },
      {
        "type": "Hex High Entropy String",
        "filename": "postman/test-results.json",
        "hashed_secret": "04e9b13bb1b6dd2c7983e88e3102322c5425124f",
        "is_verified": false,
        "line_number": 162021
      },
      {
        "type": "Hex High Entropy String",
        "filename": "postman/test-results.json",
        "hashed_secret": "efab422414123a9c975f4d2acec06852ea5f9f4b",
        "is_verified": false,
        "line_number": 164931
      },
      {
        "type": "Hex High Entropy String",
        "filename": "postman/test-results.json",
        "hashed_secret": "becabca883a75d6867734d4c5f276fb0b491aa97",
        "is_verified": false,
        "line_number": 167842
      },
      {
        "type": "Hex High Entropy String",
        "filename": "postman/test-results.json",
        "hashed_secret": "045f42f18dd45f66a5b9fe7743c0b9c1a10126f8",
        "is_verified": false,
        "line_number": 170587
      },
      {
        "type": "Hex High Entropy String",
        "filename": "postman/test-results.json",
        "hashed_secret": "de0017a005a18fa7e643037cd49dfa993dcc17db",
        "is_verified": false,
        "line_number": 173493
      },
      {
        "type": "Hex High Entropy String",
        "filename": "postman/test-results.json",
        "hashed_secret": "db0238767f9c2bc507e1dab0415e6aeada9dedff",
        "is_verified": false,
        "line_number": 176406
      },
      {
        "type": "Hex High Entropy String",
        "filename": "postman/test-results.json",
        "hashed_secret": "a74693d252385a74d77e0f6835e554facd661990",
        "is_verified": false,
        "line_number": 179157
      },
      {
        "type": "Hex High Entropy String",
        "filename": "postman/test-results.json",
        "hashed_secret": "897a1b7e6acf96cf7cfefd4bfcaa87b4632bd25a",
        "is_verified": false,
        "line_number": 182079
      },
      {
        "type": "Hex High Entropy String",
        "filename": "postman/test-results.json",
        "hashed_secret": "5f46e3b38d4172d1bb1667d131dd8e6b7f62a603",
        "is_verified": false,
        "line_number": 185010
      },
      {
        "type": "Hex High Entropy String",
        "filename": "postman/test-results.json",
        "hashed_secret": "f4e1c0fc036f7c9ceddf955876ef79721d2ff42f",
        "is_verified": false,
        "line_number": 187769
      },
      {
        "type": "Hex High Entropy String",
        "filename": "postman/test-results.json",
        "hashed_secret": "a762655f6c1dead20c00346f5c843bd19d99b0a8",
        "is_verified": false,
        "line_number": 190684
      },
      {
        "type": "Hex High Entropy String",
        "filename": "postman/test-results.json",
        "hashed_secret": "6c7667493bbd231295cd129f272d94073a76e6fb",
        "is_verified": false,
        "line_number": 193592
      },
      {
        "type": "Hex High Entropy String",
        "filename": "postman/test-results.json",
        "hashed_secret": "50a8d159d0db913b512ec8897852e70d5290c682",
        "is_verified": false,
        "line_number": 196343
      },
      {
        "type": "Hex High Entropy String",
        "filename": "postman/test-results.json",
        "hashed_secret": "720cbf034296efbd581eea3bde784b37420ff550",
        "is_verified": false,
        "line_number": 199205
      },
      {
        "type": "Hex High Entropy String",
        "filename": "postman/test-results.json",
        "hashed_secret": "6bd197b9cb986e2503b2ef5f675e1c6131843b39",
        "is_verified": false,
        "line_number": 201947
      },
      {
        "type": "Hex High Entropy String",
        "filename": "postman/test-results.json",
        "hashed_secret": "8c9fde2c931bb3fab5128aacf30349fde147d6e7",
        "is_verified": false,
        "line_number": 204841
      },
      {
        "type": "Hex High Entropy String",
        "filename": "postman/test-results.json",
        "hashed_secret": "a627f7aacfed04d0bead2b6f6876c8828b19152f",
        "is_verified": false,
        "line_number": 210513
      },
      {
        "type": "Hex High Entropy String",
        "filename": "postman/test-results.json",
        "hashed_secret": "709f09129a103d893ebcfb1d74bbd48705b9153f",
        "is_verified": false,
        "line_number": 216121
      },
      {
        "type": "Hex High Entropy String",
        "filename": "postman/test-results.json",
        "hashed_secret": "b1b7a763df547aa14683c35a59318a0130f89a8b",
        "is_verified": false,
        "line_number": 218879
      },
      {
        "type": "Hex High Entropy String",
        "filename": "postman/test-results.json",
        "hashed_secret": "191e19131a4d2f073d4e9b4037dad4deb1a6057c",
        "is_verified": false,
        "line_number": 221762
      },
      {
        "type": "Hex High Entropy String",
        "filename": "postman/test-results.json",
        "hashed_secret": "54cd195a9eebc2c262ab57d1b98c5b3e4d8db6f6",
        "is_verified": false,
        "line_number": 224520
      },
      {
        "type": "Hex High Entropy String",
        "filename": "postman/test-results.json",
        "hashed_secret": "51c76326795a7a6ebee15bf81c6ff22a245dbde5",
        "is_verified": false,
        "line_number": 227404
      },
      {
        "type": "Hex High Entropy String",
        "filename": "postman/test-results.json",
        "hashed_secret": "911ab0460035e33c5ac49478dcb24eb8049fb982",
        "is_verified": false,
        "line_number": 230163
      },
      {
        "type": "Hex High Entropy String",
        "filename": "postman/test-results.json",
        "hashed_secret": "c030c0f4d2f024e467b1ec7e8634dae0eab41cf6",
        "is_verified": false,
        "line_number": 233041
      },
      {
        "type": "Hex High Entropy String",
        "filename": "postman/test-results.json",
        "hashed_secret": "1dd7dab007abfa9bcd62224873bbd558367a7bbd",
        "is_verified": false,
        "line_number": 235793
      },
      {
        "type": "Hex High Entropy String",
        "filename": "postman/test-results.json",
        "hashed_secret": "64049eac386550967b0cad02d59298b0222ed0a7",
        "is_verified": false,
        "line_number": 238698
      },
      {
        "type": "Hex High Entropy String",
        "filename": "postman/test-results.json",
        "hashed_secret": "4bad31b46b67eb3b30363c68159d749d4a01ad68",
        "is_verified": false,
        "line_number": 241604
      },
      {
        "type": "Hex High Entropy String",
        "filename": "postman/test-results.json",
        "hashed_secret": "52f81d8e77cd8e505803f1af29afe6199d7e05a0",
        "is_verified": false,
        "line_number": 247214
      },
      {
        "type": "Hex High Entropy String",
        "filename": "postman/test-results.json",
        "hashed_secret": "52837500dc229d739507f3cfcc67703dbbd9cd68",
        "is_verified": false,
        "line_number": 252886
      },
      {
        "type": "Hex High Entropy String",
        "filename": "postman/test-results.json",
        "hashed_secret": "1a33a0edf0cf442a4f43925acd2f8ee3a6cded55",
        "is_verified": false,
        "line_number": 255838
      },
      {
        "type": "Hex High Entropy String",
        "filename": "postman/test-results.json",
        "hashed_secret": "f913575db49c9b62991f108a590a74b33ff0f3b3",
        "is_verified": false,
        "line_number": 258604
      },
      {
        "type": "Hex High Entropy String",
        "filename": "postman/test-results.json",
        "hashed_secret": "61c2fed1b2896fa8652101bea8ca8395a1570742",
        "is_verified": false,
        "line_number": 261542
      }
    ],
    "postman/test-video-upload.sh": [
      {
        "type": "Secret Keyword",
        "filename": "postman/test-video-upload.sh",
        "hashed_secret": "ab3eb0f868f05373c611a6c904ae319ff0772c0c",
        "is_verified": false,
        "line_number": 25
      }
    ],
    "postman/test-video-validation.sh": [
      {
        "type": "Secret Keyword",
        "filename": "postman/test-video-validation.sh",
        "hashed_secret": "ab3eb0f868f05373c611a6c904ae319ff0772c0c",
        "is_verified": false,
        "line_number": 24
      }
    ],
    "scripts/migrate_idempotent.sh": [
      {
        "type": "Basic Auth Credentials",
        "filename": "scripts/migrate_idempotent.sh",
        "hashed_secret": "9d4e1e23bd5b727046a9e3b4b7db57bd8d6ee684",
        "is_verified": false,
        "line_number": 6
      }
    ],
    "scripts/test-setup.sh": [
      {
        "type": "Basic Auth Credentials",
        "filename": "scripts/test-setup.sh",
        "hashed_secret": "9fb7fe1217aed442b04c0f5e43b5d5a7d3287097",
        "is_verified": false,
        "line_number": 171
      }
    ],
    "terraform/DEPLOYMENT_GUIDE.md": [
      {
        "type": "Base64 High Entropy String",
        "filename": "terraform/DEPLOYMENT_GUIDE.md",
        "hashed_secret": "519b8f4a9d6b6b93fdce2a9b6adf60d7d321ae4c",
        "is_verified": false,
        "line_number": 302
      }
    ],
    "terraform/Makefile": [
      {
        "type": "Secret Keyword",
        "filename": "terraform/Makefile",
        "hashed_secret": "2be88ca4242c76e8253ac62474851065032d6833",
        "is_verified": false,
        "line_number": 116
      }
    ],
    "terraform/scripts/deploy-k8s.sh": [
      {
        "type": "Secret Keyword",
        "filename": "terraform/scripts/deploy-k8s.sh",
        "hashed_secret": "2be88ca4242c76e8253ac62474851065032d6833",
        "is_verified": false,
        "line_number": 83
      }
    ],
    "test_channel_subscriptions.sh": [
      {
        "type": "Secret Keyword",
        "filename": "test_channel_subscriptions.sh",
        "hashed_secret": "cbfdac6008f9cab4083784cbd1874f76618d2a97",
        "is_verified": false,
        "line_number": 7
      }
    ],
    "test_sub_simple.sh": [
      {
        "type": "Secret Keyword",
        "filename": "test_sub_simple.sh",
        "hashed_secret": "cbfdac6008f9cab4083784cbd1874f76618d2a97",
        "is_verified": false,
        "line_number": 9
      }
    ],
    "tests/e2e/config/e2e_config.yaml": [
      {
        "type": "Secret Keyword",
        "filename": "tests/e2e/config/e2e_config.yaml",
        "hashed_secret": "f865b53623b121fd34ee5426c792e5c33af8c227",
        "is_verified": false,
        "line_number": 12
      },
      {
        "type": "Secret Keyword",
        "filename": "tests/e2e/config/e2e_config.yaml",
        "hashed_secret": "9fb7fe1217aed442b04c0f5e43b5d5a7d3287097",
        "is_verified": false,
        "line_number": 35
      },
      {
        "type": "Secret Keyword",
        "filename": "tests/e2e/config/e2e_config.yaml",
        "hashed_secret": "bc565f6e909ec7d3c18e2ff5d9eeb2300ff20b7f",
        "is_verified": false,
        "line_number": 44
      }
    ],
    "tests/e2e/docker-compose.local.yml": [
      {
        "type": "Secret Keyword",
        "filename": "tests/e2e/docker-compose.local.yml",
        "hashed_secret": "9fb7fe1217aed442b04c0f5e43b5d5a7d3287097",
        "is_verified": false,
        "line_number": 11
      },
      {
        "type": "Basic Auth Credentials",
        "filename": "tests/e2e/docker-compose.local.yml",
        "hashed_secret": "9fb7fe1217aed442b04c0f5e43b5d5a7d3287097",
        "is_verified": false,
        "line_number": 50
      },
      {
        "type": "Secret Keyword",
        "filename": "tests/e2e/docker-compose.local.yml",
        "hashed_secret": "bc565f6e909ec7d3c18e2ff5d9eeb2300ff20b7f",
        "is_verified": false,
        "line_number": 58
      },
      {
        "type": "Secret Keyword",
        "filename": "tests/e2e/docker-compose.local.yml",
        "hashed_secret": "f46dcc344319a3e4bc601e77ae5382523f568c71",
        "is_verified": false,
        "line_number": 69
      }
    ],
    "tests/e2e/docker-compose.yml": [
      {
        "type": "Secret Keyword",
        "filename": "tests/e2e/docker-compose.yml",
        "hashed_secret": "9fb7fe1217aed442b04c0f5e43b5d5a7d3287097",
        "is_verified": false,
        "line_number": 11
      },
      {
        "type": "Secret Keyword",
        "filename": "tests/e2e/docker-compose.yml",
        "hashed_secret": "bc565f6e909ec7d3c18e2ff5d9eeb2300ff20b7f",
        "is_verified": false,
        "line_number": 42
      },
      {
        "type": "Basic Auth Credentials",
        "filename": "tests/e2e/docker-compose.yml",
        "hashed_secret": "9fb7fe1217aed442b04c0f5e43b5d5a7d3287097",
        "is_verified": false,
        "line_number": 99
      },
      {
        "type": "Secret Keyword",
        "filename": "tests/e2e/docker-compose.yml",
        "hashed_secret": "f46dcc344319a3e4bc601e77ae5382523f568c71",
        "is_verified": false,
        "line_number": 118
      }
    ],
    "tests/e2e/fixtures/data/users.json": [
      {
        "type": "Secret Keyword",
        "filename": "tests/e2e/fixtures/data/users.json",
        "hashed_secret": "72559b51f94a7a3ad058c5740cbe2f7cb0d4080b",
        "is_verified": false,
        "line_number": 5
      },
      {
        "type": "Secret Keyword",
        "filename": "tests/e2e/fixtures/data/users.json",
        "hashed_secret": "d62e1bc57f517b6934d13df85941c0b1870f3f08",
        "is_verified": false,
        "line_number": 12
      },
      {
        "type": "Secret Keyword",
        "filename": "tests/e2e/fixtures/data/users.json",
        "hashed_secret": "1885dd2574a984a297fc549850aa1b5d6a75c6f2",
        "is_verified": false,
        "line_number": 19
      }
    ],
    "tests/e2e/scenarios/video_workflow_test.go": [
      {
        "type": "Secret Keyword",
        "filename": "tests/e2e/scenarios/video_workflow_test.go",
        "hashed_secret": "72559b51f94a7a3ad058c5740cbe2f7cb0d4080b",
        "is_verified": false,
        "line_number": 43
      }
    ],
    "tests/integration/oauth_test.go": [
      {
        "type": "Secret Keyword",
        "filename": "tests/integration/oauth_test.go",
        "hashed_secret": "fe1bae27cb7c1fb823f496f286e78f1d2ae87734",
        "is_verified": false,
        "line_number": 49
      },
      {
        "type": "Base64 High Entropy String",
        "filename": "tests/integration/oauth_test.go",
        "hashed_secret": "c0eb1dc5057b4bc59b683c85f34d2f0545e85e46",
        "is_verified": false,
        "line_number": 180
      }
    ],
    "tests/integration/s3_storage_test.go": [
      {
        "type": "Secret Keyword",
        "filename": "tests/integration/s3_storage_test.go",
        "hashed_secret": "788bc34aec062babba5210c157b250c3d9dc7c84",
        "is_verified": false,
        "line_number": 233
      }
    ],
    "tests/integration/ssrf_protection_test.go": [
      {
        "type": "Basic Auth Credentials",
        "filename": "tests/integration/ssrf_protection_test.go",
        "hashed_secret": "9d4e1e23bd5b727046a9e3b4b7db57bd8d6ee684",
        "is_verified": false,
        "line_number": 177
      }
    ]
  },
  "generated_at": "2026-03-21T11:09:43Z"
}
